Archive member included to satisfy reference by file (symbol)

c:/program files (x86)/gnu arm embedded toolchain/10 2021.10/bin/../lib/gcc/arm-none-eabi/10.3.1/../../../../arm-none-eabi/lib/thumb/v7e-m+fp/hard\libc_nano.a(lib_a-exit.o)
                              c:/program files (x86)/gnu arm embedded toolchain/10 2021.10/bin/../lib/gcc/arm-none-eabi/10.3.1/../../../../arm-none-eabi/lib/thumb/v7e-m+fp/hard/crt0.o (exit)
c:/program files (x86)/gnu arm embedded toolchain/10 2021.10/bin/../lib/gcc/arm-none-eabi/10.3.1/../../../../arm-none-eabi/lib/thumb/v7e-m+fp/hard\libc_nano.a(lib_a-impure.o)
                              c:/program files (x86)/gnu arm embedded toolchain/10 2021.10/bin/../lib/gcc/arm-none-eabi/10.3.1/../../../../arm-none-eabi/lib/thumb/v7e-m+fp/hard\libc_nano.a(lib_a-exit.o) (_global_impure_ptr)
c:/program files (x86)/gnu arm embedded toolchain/10 2021.10/bin/../lib/gcc/arm-none-eabi/10.3.1/../../../../arm-none-eabi/lib/thumb/v7e-m+fp/hard\libc_nano.a(lib_a-init.o)
                              c:/program files (x86)/gnu arm embedded toolchain/10 2021.10/bin/../lib/gcc/arm-none-eabi/10.3.1/../../../../arm-none-eabi/lib/thumb/v7e-m+fp/hard/crt0.o (__libc_init_array)
c:/program files (x86)/gnu arm embedded toolchain/10 2021.10/bin/../lib/gcc/arm-none-eabi/10.3.1/../../../../arm-none-eabi/lib/thumb/v7e-m+fp/hard\libc_nano.a(lib_a-memcpy-stub.o)
                              _build/nrf52840_xxaa/nrf_memobj.c.o (memcpy)
c:/program files (x86)/gnu arm embedded toolchain/10 2021.10/bin/../lib/gcc/arm-none-eabi/10.3.1/../../../../arm-none-eabi/lib/thumb/v7e-m+fp/hard\libc_nano.a(lib_a-memset.o)
                              c:/program files (x86)/gnu arm embedded toolchain/10 2021.10/bin/../lib/gcc/arm-none-eabi/10.3.1/../../../../arm-none-eabi/lib/thumb/v7e-m+fp/hard/crt0.o (memset)
c:/program files (x86)/gnu arm embedded toolchain/10 2021.10/bin/../lib/gcc/arm-none-eabi/10.3.1/../../../../arm-none-eabi/lib/thumb/v7e-m+fp/hard\libc_nano.a(lib_a-strlen.o)
                              _build/nrf52840_xxaa/nrf_fprintf_format.c.o (strlen)
c:/program files (x86)/gnu arm embedded toolchain/10 2021.10/bin/../lib/gcc/arm-none-eabi/10.3.1/../../../../arm-none-eabi/lib/thumb/v7e-m+fp/hard\libnosys.a(_exit.o)
                              c:/program files (x86)/gnu arm embedded toolchain/10 2021.10/bin/../lib/gcc/arm-none-eabi/10.3.1/../../../../arm-none-eabi/lib/thumb/v7e-m+fp/hard\libc_nano.a(lib_a-exit.o) (_exit)

Discarded input sections

 .text          0x00000000        0x0 c:/program files (x86)/gnu arm embedded toolchain/10 2021.10/bin/../lib/gcc/arm-none-eabi/10.3.1/thumb/v7e-m+fp/hard/crti.o
 .data          0x00000000        0x0 c:/program files (x86)/gnu arm embedded toolchain/10 2021.10/bin/../lib/gcc/arm-none-eabi/10.3.1/thumb/v7e-m+fp/hard/crti.o
 .bss           0x00000000        0x0 c:/program files (x86)/gnu arm embedded toolchain/10 2021.10/bin/../lib/gcc/arm-none-eabi/10.3.1/thumb/v7e-m+fp/hard/crti.o
 .data          0x00000000        0x4 c:/program files (x86)/gnu arm embedded toolchain/10 2021.10/bin/../lib/gcc/arm-none-eabi/10.3.1/thumb/v7e-m+fp/hard/crtbegin.o
 .rodata        0x00000000       0x24 c:/program files (x86)/gnu arm embedded toolchain/10 2021.10/bin/../lib/gcc/arm-none-eabi/10.3.1/thumb/v7e-m+fp/hard/crtbegin.o
 .data          0x00000000        0x0 c:/program files (x86)/gnu arm embedded toolchain/10 2021.10/bin/../lib/gcc/arm-none-eabi/10.3.1/../../../../arm-none-eabi/lib/thumb/v7e-m+fp/hard/crt0.o
 .bss           0x00000000        0x0 c:/program files (x86)/gnu arm embedded toolchain/10 2021.10/bin/../lib/gcc/arm-none-eabi/10.3.1/../../../../arm-none-eabi/lib/thumb/v7e-m+fp/hard/crt0.o
 .ARM.extab     0x00000000        0x0 c:/program files (x86)/gnu arm embedded toolchain/10 2021.10/bin/../lib/gcc/arm-none-eabi/10.3.1/../../../../arm-none-eabi/lib/thumb/v7e-m+fp/hard/crt0.o
 .data          0x00000000        0x0 _build/nrf52840_xxaa/gcc_startup_nrf52840.S.o
 .bss           0x00000000        0x0 _build/nrf52840_xxaa/gcc_startup_nrf52840.S.o
 .group         0x00000000        0xc _build/nrf52840_xxaa/main.c.o
 .group         0x00000000        0xc _build/nrf52840_xxaa/main.c.o
 .group         0x00000000        0xc _build/nrf52840_xxaa/main.c.o
 .group         0x00000000        0xc _build/nrf52840_xxaa/main.c.o
 .group         0x00000000        0xc _build/nrf52840_xxaa/main.c.o
 .group         0x00000000        0xc _build/nrf52840_xxaa/main.c.o
 .group         0x00000000        0xc _build/nrf52840_xxaa/main.c.o
 .group         0x00000000        0xc _build/nrf52840_xxaa/main.c.o
 .group         0x00000000        0xc _build/nrf52840_xxaa/main.c.o
 .group         0x00000000        0xc _build/nrf52840_xxaa/main.c.o
 .group         0x00000000        0xc _build/nrf52840_xxaa/main.c.o
 .group         0x00000000        0xc _build/nrf52840_xxaa/main.c.o
 .group         0x00000000        0xc _build/nrf52840_xxaa/main.c.o
[...]
Memory Configuration

Name             Origin             Length             Attributes
FLASH            0x00000000         0x00100000         xr
RAM              0x20000000         0x00040000         xrw
*default*        0x00000000         0xffffffff

Linker script and memory map


.text           0x00000000      0x624
 *(.isr_vector)
 .isr_vector    0x00000000      0x200 _build/nrf52840_xxaa/gcc_startup_nrf52840.S.o
                0x00000000                __isr_vector
 *(.text*)
 .text          0x00000200       0x40 c:/program files (x86)/gnu arm embedded toolchain/10 2021.10/bin/../lib/gcc/arm-none-eabi/10.3.1/thumb/v7e-m+fp/hard/crtbegin.o
 .text          0x00000240       0x7c c:/program files (x86)/gnu arm embedded toolchain/10 2021.10/bin/../lib/gcc/arm-none-eabi/10.3.1/../../../../arm-none-eabi/lib/thumb/v7e-m+fp/hard/crt0.o
                0x00000240                _stack_init
                0x00000248                _start
                0x00000248                _mainCRTStartup
 .text          0x000002bc       0x3c _build/nrf52840_xxaa/gcc_startup_nrf52840.S.o
                0x000002bc                Reset_Handler
                0x000002e4                NMI_Handler
                0x000002e6                HardFault_Handler
                0x000002e8                MemoryManagement_Handler
                0x000002ea                BusFault_Handler
                0x000002ec                UsageFault_Handler
                0x000002ee                SVC_Handler
                0x000002f0                DebugMon_Handler
                0x000002f2                PendSV_Handler
                0x000002f4                SysTick_Handler
                0x000002f6                SWI0_EGU0_IRQHandler
                0x000002f6                POWER_CLOCK_IRQHandler
                0x000002f6                RADIO_IRQHandler
                0x000002f6                PDM_IRQHandler
                0x000002f6                TEMP_IRQHandler
                0x000002f6                QDEC_IRQHandler
                0x000002f6                TIMER3_IRQHandler
                0x000002f6                GPIOTE_IRQHandler
                0x000002f6                FPU_IRQHandler
                0x000002f6                USBD_IRQHandler
                0x000002f6                SPIM0_SPIS0_TWIM0_TWIS0_SPI0_TWI0_IRQHandler
                0x000002f6                PWM1_IRQHandler
                0x000002f6                UARTE0_UART0_IRQHandler
                0x000002f6                TIMER4_IRQHandler
                0x000002f6                CRYPTOCELL_IRQHandler
                0x000002f6                RTC0_IRQHandler
                0x000002f6                SWI4_EGU4_IRQHandler
                0x000002f6                TIMER0_IRQHandler
                0x000002f6                PWM3_IRQHandler
                0x000002f6                UARTE1_IRQHandler
                0x000002f6                TIMER1_IRQHandler
                0x000002f6                SPIM3_IRQHandler
                0x000002f6                PWM2_IRQHandler
                0x000002f6                ECB_IRQHandler
                0x000002f6                SPIM1_SPIS1_TWIM1_TWIS1_SPI1_TWI1_IRQHandler
                0x000002f6                Default_Handler
                0x000002f6                SAADC_IRQHandler
                0x000002f6                CCM_AAR_IRQHandler
                0x000002f6                WDT_IRQHandler
                0x000002f6                SWI2_EGU2_IRQHandler
                0x000002f6                SWI5_EGU5_IRQHandler
                0x000002f6                RNG_IRQHandler
                0x000002f6                RTC2_IRQHandler
                0x000002f6                PWM0_IRQHandler
                0x000002f6                SWI3_EGU3_IRQHandler
                0x000002f6                RTC1_IRQHandler
                0x000002f6                SWI1_EGU1_IRQHandler
                0x000002f6                SPIM2_SPIS2_SPI2_IRQHandler
                0x000002f6                NFCT_IRQHandler
                0x000002f6                I2S_IRQHandler
                0x000002f6                MWU_IRQHandler
                0x000002f6                TIMER2_IRQHandler
                0x000002f6                QSPI_IRQHandler
                0x000002f6                COMP_LPCOMP_IRQHandler
 .text.startup.main
                0x000002f8       0x30 _build/nrf52840_xxaa/main.c.o
                0x000002f8                main
 .text.bsp_board_led_invert
                0x00000328       0x34 _build/nrf52840_xxaa/boards.c.o
                0x00000328                bsp_board_led_invert
 .text.bsp_board_init
                0x0000035c       0x60 _build/nrf52840_xxaa/boards.c.o
                0x0000035c                bsp_board_init
 .text.SystemInit
                0x000003bc      0x1b8 _build/nrf52840_xxaa/system_nrf52840.c.o
                0x000003bc                SystemInit
 .text.exit     0x00000574       0x28 c:/program files (x86)/gnu arm embedded toolchain/10 2021.10/bin/../lib/gcc/arm-none-eabi/10.3.1/../../../../arm-none-eabi/lib/thumb/v7e-m+fp/hard\libc_nano.a(lib_a-exit.o)
                0x00000574                exit
 .text.__libc_init_array
                0x0000059c       0x48 c:/program files (x86)/gnu arm embedded toolchain/10 2021.10/bin/../lib/gcc/arm-none-eabi/10.3.1/../../../../arm-none-eabi/lib/thumb/v7e-m+fp/hard\libc_nano.a(lib_a-init.o)
                0x0000059c                __libc_init_array
 .text.memset   0x000005e4       0x10 c:/program files (x86)/gnu arm embedded toolchain/10 2021.10/bin/../lib/gcc/arm-none-eabi/10.3.1/../../../../arm-none-eabi/lib/thumb/v7e-m+fp/hard\libc_nano.a(lib_a-memset.o)
                0x000005e4                memset
 .text._exit    0x000005f4        0x4 c:/program files (x86)/gnu arm embedded toolchain/10 2021.10/bin/../lib/gcc/arm-none-eabi/10.3.1/../../../../arm-none-eabi/lib/thumb/v7e-m+fp/hard\libnosys.a(_exit.o)
                0x000005f4                _exit
 *(.init)
 .init          0x000005f8        0x4 c:/program files (x86)/gnu arm embedded toolchain/10 2021.10/bin/../lib/gcc/arm-none-eabi/10.3.1/thumb/v7e-m+fp/hard/crti.o
                0x000005f8                _init
 .init          0x000005fc        0x8 c:/program files (x86)/gnu arm embedded toolchain/10 2021.10/bin/../lib/gcc/arm-none-eabi/10.3.1/thumb/v7e-m+fp/hard/crtn.o
 *(.fini)
 .fini          0x00000604        0x4 c:/program files (x86)/gnu arm embedded toolchain/10 2021.10/bin/../lib/gcc/arm-none-eabi/10.3.1/thumb/v7e-m+fp/hard/crti.o
                0x00000604                _fini
 .fini          0x00000608        0x8 c:/program files (x86)/gnu arm embedded toolchain/10 2021.10/bin/../lib/gcc/arm-none-eabi/10.3.1/thumb/v7e-m+fp/hard/crtn.o
 *crtbegin.o(.ctors)
 *crtbegin?.o(.ctors)
 *(EXCLUDE_FILE(*crtend.o *crtend?.o) .ctors)
 *(SORT_BY_NAME(.ctors.*))
 *(.ctors)
 *crtbegin.o(.dtors)
 *crtbegin?.o(.dtors)
 *(EXCLUDE_FILE(*crtend.o *crtend?.o) .dtors)
 *(SORT_BY_NAME(.dtors.*))
 *(.dtors)
 *(.rodata*)
 .rodata.delay_bytecode.0
                0x00000610        0x6 _build/nrf52840_xxaa/main.c.o
 *fill*         0x00000616        0x2 
 .rodata.m_board_led_list
                0x00000618        0x4 _build/nrf52840_xxaa/boards.c.o
 .rodata._global_impure_ptr
                0x0000061c        0x4 c:/program files (x86)/gnu arm embedded toolchain/10 2021.10/bin/../lib/gcc/arm-none-eabi/10.3.1/../../../../arm-none-eabi/lib/thumb/v7e-m+fp/hard\libc_nano.a(lib_a-impure.o)
                0x0000061c                _global_impure_ptr
 *(.eh_frame*)
 .eh_frame      0x00000620        0x0 c:/program files (x86)/gnu arm embedded toolchain/10 2021.10/bin/../lib/gcc/arm-none-eabi/10.3.1/thumb/v7e-m+fp/hard/crtbegin.o
 .eh_frame      0x00000620        0x4 c:/program files (x86)/gnu arm embedded toolchain/10 2021.10/bin/../lib/gcc/arm-none-eabi/10.3.1/thumb/v7e-m+fp/hard/crtend.o

.glue_7         0x00000624        0x0
 .glue_7        0x00000624        0x0 linker stubs

.glue_7t        0x00000624        0x0
 .glue_7t       0x00000624        0x0 linker stubs

.vfp11_veneer   0x00000624        0x0
 .vfp11_veneer  0x00000624        0x0 linker stubs

.v4_bx          0x00000624        0x0
 .v4_bx         0x00000624        0x0 linker stubs

.iplt           0x00000624        0x0
 .iplt          0x00000624        0x0 c:/program files (x86)/gnu arm embedded toolchain/10 2021.10/bin/../lib/gcc/arm-none-eabi/10.3.1/thumb/v7e-m+fp/hard/crtbegin.o

.mem_section_dummy_rom

.log_const_data
                0x00000624        0x0
                [!provide]                PROVIDE (__start_log_const_data = .)
 *(SORT_BY_NAME(.log_const_data*))
                [!provide]                PROVIDE (__stop_log_const_data = .)

.log_backends   0x00000624        0x0
                [!provide]                PROVIDE (__start_log_backends = .)
 *(SORT_BY_NAME(.log_backends*))
                [!provide]                PROVIDE (__stop_log_backends = .)

.nrf_balloc     0x00000624        0x0
                [!provide]                PROVIDE (__start_nrf_balloc = .)
 *(.nrf_balloc)
                [!provide]                PROVIDE (__stop_nrf_balloc = .)

.ARM.extab
 *(.ARM.extab* .gnu.linkonce.armextab.*)
                0x00000624                __exidx_start = .

.ARM.exidx      0x00000624        0x8
 *(.ARM.exidx* .gnu.linkonce.armexidx.*)
 .ARM.exidx     0x00000624        0x8 c:/program files (x86)/gnu arm embedded toolchain/10 2021.10/bin/../lib/gcc/arm-none-eabi/10.3.1/../../../../arm-none-eabi/lib/thumb/v7e-m+fp/hard/crt0.o
                                 0x10 (size before relaxing)
                0x0000062c                __exidx_end = .
                0x0000062c                __etext = .

.rel.dyn        0x0000062c        0x0
 .rel.iplt      0x0000062c        0x0 c:/program files (x86)/gnu arm embedded toolchain/10 2021.10/bin/../lib/gcc/arm-none-eabi/10.3.1/thumb/v7e-m+fp/hard/crtbegin.o

.data           0x20000000       0x6c load address 0x0000062c
                0x20000000                __data_start__ = .
 *(vtable)
 *(.data*)
 .data.SystemCoreClock
                0x20000000        0x4 _build/nrf52840_xxaa/system_nrf52840.c.o
                0x20000000                SystemCoreClock
 .data.impure_data
                0x20000004       0x60 c:/program files (x86)/gnu arm embedded toolchain/10 2021.10/bin/../lib/gcc/arm-none-eabi/10.3.1/../../../../arm-none-eabi/lib/thumb/v7e-m+fp/hard\libc_nano.a(lib_a-impure.o)
                0x20000064                . = ALIGN (0x4)
                0x20000064                PROVIDE (__preinit_array_start = .)
 *(.preinit_array)
                0x20000064                PROVIDE (__preinit_array_end = .)
                0x20000064                . = ALIGN (0x4)
                0x20000064                PROVIDE (__init_array_start = .)
 *(SORT_BY_NAME(.init_array.*))
 *(.init_array)
 .init_array    0x20000064        0x4 c:/program files (x86)/gnu arm embedded toolchain/10 2021.10/bin/../lib/gcc/arm-none-eabi/10.3.1/thumb/v7e-m+fp/hard/crtbegin.o
                0x20000068                PROVIDE (__init_array_end = .)
                0x20000068                . = ALIGN (0x4)
                [!provide]                PROVIDE (__fini_array_start = .)
 *(SORT_BY_NAME(.fini_array.*))
 *(.fini_array)
 .fini_array    0x20000068        0x4 c:/program files (x86)/gnu arm embedded toolchain/10 2021.10/bin/../lib/gcc/arm-none-eabi/10.3.1/thumb/v7e-m+fp/hard/crtbegin.o
                [!provide]                PROVIDE (__fini_array_end = .)
 *(.jcr*)
                0x2000006c                . = ALIGN (0x4)
                0x2000006c                __data_end__ = .
LOAD c:/program files (x86)/gnu arm embedded toolchain/10 2021.10/bin/../lib/gcc/arm-none-eabi/10.3.1/thumb/v7e-m+fp/hard/crti.o
LOAD c:/program files (x86)/gnu arm embedded toolchain/10 2021.10/bin/../lib/gcc/arm-none-eabi/10.3.1/thumb/v7e-m+fp/hard/crtbegin.o
LOAD c:/program files (x86)/gnu arm embedded toolchain/10 2021.10/bin/../lib/gcc/arm-none-eabi/10.3.1/../../../../arm-none-eabi/lib/thumb/v7e-m+fp/hard/crt0.o
LOAD _build/nrf52840_xxaa/gcc_startup_nrf52840.S.o
LOAD _build/nrf52840_xxaa/main.c.o
LOAD _build/nrf52840_xxaa/nrf_log_frontend.c.o
LOAD _build/nrf52840_xxaa/nrf_log_str_formatter.c.o
LOAD _build/nrf52840_xxaa/boards.c.o
LOAD _build/nrf52840_xxaa/app_error.c.o
LOAD _build/nrf52840_xxaa/app_error_handler_gcc.c.o
LOAD _build/nrf52840_xxaa/app_error_weak.c.o
LOAD _build/nrf52840_xxaa/app_util_platform.c.o
LOAD _build/nrf52840_xxaa/nrf_assert.c.o
LOAD _build/nrf52840_xxaa/nrf_atomic.c.o
LOAD _build/nrf52840_xxaa/nrf_balloc.c.o
LOAD _build/nrf52840_xxaa/nrf_fprintf.c.o
LOAD _build/nrf52840_xxaa/nrf_fprintf_format.c.o
LOAD _build/nrf52840_xxaa/nrf_memobj.c.o
LOAD _build/nrf52840_xxaa/nrf_ringbuf.c.o
LOAD _build/nrf52840_xxaa/nrf_strerror.c.o
LOAD _build/nrf52840_xxaa/system_nrf52840.c.o
LOAD c:/program files (x86)/gnu arm embedded toolchain/10 2021.10/bin/../lib/gcc/arm-none-eabi/10.3.1/../../../../arm-none-eabi/lib/thumb/v7e-m+fp/hard\libc_nano.a
LOAD c:/program files (x86)/gnu arm embedded toolchain/10 2021.10/bin/../lib/gcc/arm-none-eabi/10.3.1/../../../../arm-none-eabi/lib/thumb/v7e-m+fp/hard\libnosys.a
LOAD c:/program files (x86)/gnu arm embedded toolchain/10 2021.10/bin/../lib/gcc/arm-none-eabi/10.3.1/../../../../arm-none-eabi/lib/thumb/v7e-m+fp/hard\libm.a
START GROUP
LOAD c:/program files (x86)/gnu arm embedded toolchain/10 2021.10/bin/../lib/gcc/arm-none-eabi/10.3.1/thumb/v7e-m+fp/hard\libgcc.a
LOAD c:/program files (x86)/gnu arm embedded toolchain/10 2021.10/bin/../lib/gcc/arm-none-eabi/10.3.1/../../../../arm-none-eabi/lib/thumb/v7e-m+fp/hard\libg_nano.a
LOAD c:/program files (x86)/gnu arm embedded toolchain/10 2021.10/bin/../lib/gcc/arm-none-eabi/10.3.1/../../../../arm-none-eabi/lib/thumb/v7e-m+fp/hard\libc_nano.a
END GROUP
START GROUP
LOAD c:/program files (x86)/gnu arm embedded toolchain/10 2021.10/bin/../lib/gcc/arm-none-eabi/10.3.1/thumb/v7e-m+fp/hard\libgcc.a
LOAD c:/program files (x86)/gnu arm embedded toolchain/10 2021.10/bin/../lib/gcc/arm-none-eabi/10.3.1/../../../../arm-none-eabi/lib/thumb/v7e-m+fp/hard\libc_nano.a
END GROUP
LOAD c:/program files (x86)/gnu arm embedded toolchain/10 2021.10/bin/../lib/gcc/arm-none-eabi/10.3.1/thumb/v7e-m+fp/hard/crtend.o
LOAD c:/program files (x86)/gnu arm embedded toolchain/10 2021.10/bin/../lib/gcc/arm-none-eabi/10.3.1/thumb/v7e-m+fp/hard/crtn.o
START GROUP
LOAD c:/program files (x86)/gnu arm embedded toolchain/10 2021.10/bin/../lib/gcc/arm-none-eabi/10.3.1/thumb/v7e-m+fp/hard\libgcc.a
LOAD c:/program files (x86)/gnu arm embedded toolchain/10 2021.10/bin/../lib/gcc/arm-none-eabi/10.3.1/../../../../arm-none-eabi/lib/thumb/v7e-m+fp/hard\libc.a
LOAD c:/program files (x86)/gnu arm embedded toolchain/10 2021.10/bin/../lib/gcc/arm-none-eabi/10.3.1/../../../../arm-none-eabi/lib/thumb/v7e-m+fp/hard\libnosys.a
END GROUP

.igot.plt       0x2000006c        0x0 load address 0x00000698
 .igot.plt      0x2000006c        0x0 c:/program files (x86)/gnu arm embedded toolchain/10 2021.10/bin/../lib/gcc/arm-none-eabi/10.3.1/thumb/v7e-m+fp/hard/crtbegin.o
                0x2000006c                . = ALIGN (0x4)

.mem_section_dummy_ram

.log_dynamic_data
                0x2000006c        0x0
                [!provide]                PROVIDE (__start_log_dynamic_data = .)
 *(SORT_BY_NAME(.log_dynamic_data*))
                [!provide]                PROVIDE (__stop_log_dynamic_data = .)

.log_filter_data
                0x2000006c        0x0
                [!provide]                PROVIDE (__start_log_filter_data = .)
 *(SORT_BY_NAME(.log_filter_data*))
                [!provide]                PROVIDE (__stop_log_filter_data = .)

.bss            0x2000006c       0x1c load address 0x00000698
                0x2000006c                . = ALIGN (0x4)
                0x2000006c                __bss_start__ = .
 *(.bss*)
 .bss           0x2000006c       0x1c c:/program files (x86)/gnu arm embedded toolchain/10 2021.10/bin/../lib/gcc/arm-none-eabi/10.3.1/thumb/v7e-m+fp/hard/crtbegin.o
 *(COMMON)
                0x20000088                . = ALIGN (0x4)
                0x20000088                __bss_end__ = .

.heap           0x20000088     0x2000
                0x20000088                __HeapBase = .
                0x20000088                __end__ = .
                [!provide]                PROVIDE (end = .)
 *(.heap*)
 .heap          0x20000088     0x2000 _build/nrf52840_xxaa/gcc_startup_nrf52840.S.o
                0x20002088                __HeapLimit = .

.stack_dummy    0x20000088     0x2000
 *(.stack*)
 .stack         0x20000088     0x2000 _build/nrf52840_xxaa/gcc_startup_nrf52840.S.o
                0x20040000                __StackTop = (ORIGIN (RAM) + LENGTH (RAM))
                0x2003e000                __StackLimit = (__StackTop - SIZEOF (.stack_dummy))
                0x20040000                PROVIDE (__stack = __StackTop)
                0x00000001                ASSERT ((__StackLimit >= __HeapLimit), region RAM overflowed with stack)
                0x0000006c                DataInitFlashUsed = (__bss_start__ - __data_start__)
                0x0000062c                CodeFlashUsed = (__etext - ORIGIN (FLASH))
                0x00000698                TotalFlashUsed = (CodeFlashUsed + DataInitFlashUsed)
                0x00000001                ASSERT ((TotalFlashUsed <= LENGTH (FLASH)), region FLASH overflowed with .data and user data)
OUTPUT(_build/nrf52840_xxaa.out elf32-littlearm)
LOAD linker stubs

.ARM.attributes
                0x00000000       0x30
 .ARM.attributes
                0x00000000       0x1e c:/program files (x86)/gnu arm embedded toolchain/10 2021.10/bin/../lib/gcc/arm-none-eabi/10.3.1/thumb/v7e-m+fp/hard/crti.o
 .ARM.attributes
                0x0000001e       0x34 c:/program files (x86)/gnu arm embedded toolchain/10 2021.10/bin/../lib/gcc/arm-none-eabi/10.3.1/thumb/v7e-m+fp/hard/crtbegin.o
 .ARM.attributes
                0x00000052       0x1c c:/program files (x86)/gnu arm embedded toolchain/10 2021.10/bin/../lib/gcc/arm-none-eabi/10.3.1/../../../../arm-none-eabi/lib/thumb/v7e-m+fp/hard/crt0.o
 .ARM.attributes
                0x0000006e       0x20 _build/nrf52840_xxaa/gcc_startup_nrf52840.S.o
 .ARM.attributes
                0x0000008e       0x34 _build/nrf52840_xxaa/main.c.o
 .ARM.attributes
                0x000000c2       0x34 _build/nrf52840_xxaa/boards.c.o
 .ARM.attributes
                0x000000f6       0x34 _build/nrf52840_xxaa/system_nrf52840.c.o
 .ARM.attributes
                0x0000012a       0x34 c:/program files (x86)/gnu arm embedded toolchain/10 2021.10/bin/../lib/gcc/arm-none-eabi/10.3.1/../../../../arm-none-eabi/lib/thumb/v7e-m+fp/hard\libc_nano.a(lib_a-exit.o)
 .ARM.attributes
                0x0000015e       0x34 c:/program files (x86)/gnu arm embedded toolchain/10 2021.10/bin/../lib/gcc/arm-none-eabi/10.3.1/../../../../arm-none-eabi/lib/thumb/v7e-m+fp/hard\libc_nano.a(lib_a-impure.o)
 .ARM.attributes
                0x00000192       0x34 c:/program files (x86)/gnu arm embedded toolchain/10 2021.10/bin/../lib/gcc/arm-none-eabi/10.3.1/../../../../arm-none-eabi/lib/thumb/v7e-m+fp/hard\libc_nano.a(lib_a-init.o)
 .ARM.attributes
                0x000001c6       0x34 c:/program files (x86)/gnu arm embedded toolchain/10 2021.10/bin/../lib/gcc/arm-none-eabi/10.3.1/../../../../arm-none-eabi/lib/thumb/v7e-m+fp/hard\libc_nano.a(lib_a-memset.o)
 .ARM.attributes
                0x000001fa       0x34 c:/program files (x86)/gnu arm embedded toolchain/10 2021.10/bin/../lib/gcc/arm-none-eabi/10.3.1/../../../../arm-none-eabi/lib/thumb/v7e-m+fp/hard\libnosys.a(_exit.o)
 .ARM.attributes
                0x0000022e       0x34 c:/program files (x86)/gnu arm embedded toolchain/10 2021.10/bin/../lib/gcc/arm-none-eabi/10.3.1/thumb/v7e-m+fp/hard/crtend.o
 .ARM.attributes
                0x00000262       0x1e c:/program files (x86)/gnu arm embedded toolchain/10 2021.10/bin/../lib/gcc/arm-none-eabi/10.3.1/thumb/v7e-m+fp/hard/crtn.o

.comment        0x00000000       0x49
 .comment       0x00000000       0x49 _build/nrf52840_xxaa/main.c.o
                                 0x4a (size before relaxing)
 .comment       0x00000049       0x4a _build/nrf52840_xxaa/boards.c.o
 .comment       0x00000049       0x4a _build/nrf52840_xxaa/system_nrf52840.c.o

.debug_line     0x00000000     0x1f73
 .debug_line    0x00000000       0x89 _build/nrf52840_xxaa/gcc_startup_nrf52840.S.o
 .debug_line    0x00000089      0x7f4 _build/nrf52840_xxaa/main.c.o
 .debug_line    0x0000087d     0x1051 _build/nrf52840_xxaa/boards.c.o
 .debug_line    0x000018ce      0x6a5 _build/nrf52840_xxaa/system_nrf52840.c.o

.debug_info     0x00000000     0x2681
 .debug_info    0x00000000       0x26 _build/nrf52840_xxaa/gcc_startup_nrf52840.S.o
 .debug_info    0x00000026      0x21f _build/nrf52840_xxaa/main.c.o
 .debug_info    0x00000245      0xf10 _build/nrf52840_xxaa/boards.c.o
 .debug_info    0x00001155     0x152c _build/nrf52840_xxaa/system_nrf52840.c.o

.debug_abbrev   0x00000000      0x6bd
 .debug_abbrev  0x00000000       0x14 _build/nrf52840_xxaa/gcc_startup_nrf52840.S.o
 .debug_abbrev  0x00000014      0x16a _build/nrf52840_xxaa/main.c.o
 .debug_abbrev  0x0000017e      0x323 _build/nrf52840_xxaa/boards.c.o
 .debug_abbrev  0x000004a1      0x21c _build/nrf52840_xxaa/system_nrf52840.c.o

.debug_aranges  0x00000000       0xe0
 .debug_aranges
                0x00000000       0x20 _build/nrf52840_xxaa/gcc_startup_nrf52840.S.o
 .debug_aranges
                0x00000020       0x20 _build/nrf52840_xxaa/main.c.o
 .debug_aranges
                0x00000040       0x78 _build/nrf52840_xxaa/boards.c.o
 .debug_aranges
                0x000000b8       0x28 _build/nrf52840_xxaa/system_nrf52840.c.o

.debug_str      0x00000000    0x7e850
 .debug_str     0x00000000       0xac _build/nrf52840_xxaa/gcc_startup_nrf52840.S.o
 .debug_str     0x000000ac    0x7db71 _build/nrf52840_xxaa/main.c.o
                              0x7eb87 (size before relaxing)
 .debug_str     0x0007dc1d      0x508 _build/nrf52840_xxaa/boards.c.o
                              0x7f01f (size before relaxing)
 .debug_str     0x0007e125      0x72b _build/nrf52840_xxaa/system_nrf52840.c.o
                              0x6e08c (size before relaxing)

.debug_loc      0x00000000      0xe97
 .debug_loc     0x00000000       0x87 _build/nrf52840_xxaa/main.c.o
 .debug_loc     0x00000087      0xe10 _build/nrf52840_xxaa/boards.c.o

.debug_ranges   0x00000000      0x918
 .debug_ranges  0x00000000       0x70 _build/nrf52840_xxaa/main.c.o
 .debug_ranges  0x00000070      0x870 _build/nrf52840_xxaa/boards.c.o
 .debug_ranges  0x000008e0       0x38 _build/nrf52840_xxaa/system_nrf52840.c.o

.debug_macro    0x00000000    0x159bf
 .debug_macro   0x00000000      0x325 _build/nrf52840_xxaa/main.c.o
 .debug_macro   0x00000325      0xa8a _build/nrf52840_xxaa/main.c.o
 .debug_macro   0x00000daf       0x22 _build/nrf52840_xxaa/main.c.o
 .debug_macro   0x00000dd1       0x22 _build/nrf52840_xxaa/main.c.o
 .debug_macro   0x00000df3       0x56 _build/nrf52840_xxaa/main.c.o
 .debug_macro   0x00000e49       0x51 _build/nrf52840_xxaa/main.c.o
 .debug_macro   0x00000e9a      0x103 _build/nrf52840_xxaa/main.c.o
 .debug_macro   0x00000f9d       0x6a _build/nrf52840_xxaa/main.c.o
 .debug_macro   0x00001007      0x1df _build/nrf52840_xxaa/main.c.o
 .debug_macro   0x000011e6      0x657 _build/nrf52840_xxaa/main.c.o
 .debug_macro   0x0000183d      0x16d _build/nrf52840_xxaa/main.c.o
 .debug_macro   0x000019aa       0x22 _build/nrf52840_xxaa/main.c.o
 .debug_macro   0x000019cc       0x2d _build/nrf52840_xxaa/main.c.o
 .debug_macro   0x000019f9       0x3b _build/nrf52840_xxaa/main.c.o
 .debug_macro   0x00001a34       0x50 _build/nrf52840_xxaa/main.c.o
 .debug_macro   0x00001a84      0xe66 _build/nrf52840_xxaa/main.c.o
 .debug_macro   0x000028ea      0x402 _build/nrf52840_xxaa/main.c.o
 .debug_macro   0x00002cec     0xfe8b _build/nrf52840_xxaa/main.c.o
 .debug_macro   0x00012b77      0xa4c _build/nrf52840_xxaa/main.c.o
 .debug_macro   0x000135c3       0xb2 _build/nrf52840_xxaa/main.c.o
 .debug_macro   0x00013675       0x22 _build/nrf52840_xxaa/main.c.o
 .debug_macro   0x00013697      0x419 _build/nrf52840_xxaa/main.c.o
 .debug_macro   0x00013ab0       0x3d _build/nrf52840_xxaa/main.c.o
 .debug_macro   0x00013aed       0x1f _build/nrf52840_xxaa/main.c.o
 .debug_macro   0x00013b0c      0x141 _build/nrf52840_xxaa/main.c.o
 .debug_macro   0x00013c4d       0x16 _build/nrf52840_xxaa/main.c.o
 .debug_macro   0x00013c63      0x16d _build/nrf52840_xxaa/main.c.o
 .debug_macro   0x00013dd0      0x7ae _build/nrf52840_xxaa/main.c.o
 .debug_macro   0x0001457e       0x3f _build/nrf52840_xxaa/main.c.o
 .debug_macro   0x000145bd       0x64 _build/nrf52840_xxaa/main.c.o
 .debug_macro   0x00014621       0x1e _build/nrf52840_xxaa/main.c.o
 .debug_macro   0x0001463f       0x35 _build/nrf52840_xxaa/main.c.o
 .debug_macro   0x00014674       0x34 _build/nrf52840_xxaa/main.c.o
 .debug_macro   0x000146a8       0x16 _build/nrf52840_xxaa/main.c.o
 .debug_macro   0x000146be       0x35 _build/nrf52840_xxaa/main.c.o
 .debug_macro   0x000146f3      0x35d _build/nrf52840_xxaa/main.c.o
 .debug_macro   0x00014a50       0x10 _build/nrf52840_xxaa/main.c.o
 .debug_macro   0x00014a60       0x16 _build/nrf52840_xxaa/main.c.o
 .debug_macro   0x00014a76       0x43 _build/nrf52840_xxaa/main.c.o
 .debug_macro   0x00014ab9       0x34 _build/nrf52840_xxaa/main.c.o
 .debug_macro   0x00014aed       0x10 _build/nrf52840_xxaa/main.c.o
 .debug_macro   0x00014afd       0x58 _build/nrf52840_xxaa/main.c.o
 .debug_macro   0x00014b55      0x182 _build/nrf52840_xxaa/main.c.o
 .debug_macro   0x00014cd7       0xbe _build/nrf52840_xxaa/main.c.o
 .debug_macro   0x00014d95       0x16 _build/nrf52840_xxaa/main.c.o
 .debug_macro   0x00014dab      0x129 _build/nrf52840_xxaa/main.c.o
 .debug_macro   0x00014ed4       0x8e _build/nrf52840_xxaa/main.c.o
 .debug_macro   0x00014f62       0xa7 _build/nrf52840_xxaa/main.c.o
 .debug_macro   0x00015009       0x49 _build/nrf52840_xxaa/main.c.o
 .debug_macro   0x00015052       0x8c _build/nrf52840_xxaa/main.c.o
 .debug_macro   0x000150de       0x19 _build/nrf52840_xxaa/main.c.o
 .debug_macro   0x000150f7       0x16 _build/nrf52840_xxaa/main.c.o
 .debug_macro   0x0001510d       0x7b _build/nrf52840_xxaa/main.c.o
 .debug_macro   0x00015188       0x64 _build/nrf52840_xxaa/main.c.o
 .debug_macro   0x000151ec       0x20 _build/nrf52840_xxaa/main.c.o
 .debug_macro   0x0001520c       0x1c _build/nrf52840_xxaa/main.c.o
 .debug_macro   0x00015228      0x208 _build/nrf52840_xxaa/main.c.o
 .debug_macro   0x00015430      0x16d _build/nrf52840_xxaa/main.c.o
 .debug_macro   0x0001559d      0x31b _build/nrf52840_xxaa/boards.c.o
 .debug_macro   0x000158b8       0x16 _build/nrf52840_xxaa/boards.c.o
 .debug_macro   0x000158ce       0xf1 _build/nrf52840_xxaa/system_nrf52840.c.o

.debug_frame    0x00000000      0x1f4
 .debug_frame   0x00000000       0x2c _build/nrf52840_xxaa/main.c.o
 .debug_frame   0x0000002c       0xf4 _build/nrf52840_xxaa/boards.c.o
 .debug_frame   0x00000120       0x40 _build/nrf52840_xxaa/system_nrf52840.c.o
 .debug_frame   0x00000160       0x28 c:/program files (x86)/gnu arm embedded toolchain/10 2021.10/bin/../lib/gcc/arm-none-eabi/10.3.1/../../../../arm-none-eabi/lib/thumb/v7e-m+fp/hard\libc_nano.a(lib_a-exit.o)
 .debug_frame   0x00000188       0x2c c:/program files (x86)/gnu arm embedded toolchain/10 2021.10/bin/../lib/gcc/arm-none-eabi/10.3.1/../../../../arm-none-eabi/lib/thumb/v7e-m+fp/hard\libc_nano.a(lib_a-init.o)
 .debug_frame   0x000001b4       0x20 c:/program files (x86)/gnu arm embedded toolchain/10 2021.10/bin/../lib/gcc/arm-none-eabi/10.3.1/../../../../arm-none-eabi/lib/thumb/v7e-m+fp/hard\libc_nano.a(lib_a-memset.o)
 .debug_frame   0x000001d4       0x20 c:/program files (x86)/gnu arm embedded toolchain/10 2021.10/bin/../lib/gcc/arm-none-eabi/10.3.1/../../../../arm-none-eabi/lib/thumb/v7e-m+fp/hard\libnosys.a(_exit.o)
