Archive member included to satisfy reference by file (symbol)

D:/SEGGER/lib/libc_v7em_fpv4_sp_d16_hard_t_le_eabi.a(libc_asm.o)
                              Output/Release/Obj/ble_app_uart_pca10056_s140/bsp.o (__aeabi_uldivmod)
D:/SEGGER/lib/libc_v7em_fpv4_sp_d16_hard_t_le_eabi.a(libc2.o)
                              Output/Release/Obj/ble_app_uart_pca10056_s140/nrf_log_str_formatter.o (isprint)
D:/SEGGER/lib/libc_v7em_fpv4_sp_d16_hard_t_le_eabi.a(libc2_asm.o)
                              Output/Release/Obj/ble_app_uart_pca10056_s140/nrf_log_frontend.o (memcpy)
D:/SEGGER/lib/libc_v7em_fpv4_sp_d16_hard_t_le_eabi.a(libvfprintf.o)
                              (__vfprintf_long)
D:/SEGGER/lib/libc_v7em_fpv4_sp_d16_hard_t_le_eabi.a(libvfscanf.o)
                              (__vfscanf_int)
D:/SEGGER/lib/libc_v7em_fpv4_sp_d16_hard_t_le_eabi.a(libc.o)
                              D:/SEGGER/lib/libc_v7em_fpv4_sp_d16_hard_t_le_eabi.a(libc2.o) (__heap_lock)
D:/SEGGER/lib/libdebugio_v7em_fpv4_sp_d16_hard_t_le_eabi.a(libdebugio.o)
                              Output/Release/Obj/ble_app_uart_pca10056_s140/thumb_crt0.o (debug_fopen)
D:/SEGGER/lib/libdebugio_v7em_fpv4_sp_d16_hard_t_le_eabi.a(do_nv_debug_operation.o)
                              D:/SEGGER/lib/libdebugio_v7em_fpv4_sp_d16_hard_t_le_eabi.a(libdebugio.o) (__do_nvdebug_operation)
D:/SEGGER/lib/libdebugio_v7em_fpv4_sp_d16_hard_t_le_eabi.a(mempoll_debug_operations.o)
                              (__do_debug_operation_mempoll)
D:/SEGGER/lib/libm_v7em_fpv4_sp_d16_hard_t_le_eabi.a(libm_asm.o)
                              D:/SEGGER/lib/libc_v7em_fpv4_sp_d16_hard_t_le_eabi.a(libc2.o) (__aeabi_dadd)
D:/SEGGER/lib/libm_v7em_fpv4_sp_d16_hard_t_le_eabi.a(libm2.o)
                              D:/SEGGER/lib/libc_v7em_fpv4_sp_d16_hard_t_le_eabi.a(libvfprintf.o) (frexp)

Discarded input sections

 .text          0x0000000000000000        0x0 Output/Release/Obj/ble_app_uart_pca10056_s140/thumb_crt0.o
 .data          0x0000000000000000        0x0 Output/Release/Obj/ble_app_uart_pca10056_s140/thumb_crt0.o
 .bss           0x0000000000000000        0x0 Output/Release/Obj/ble_app_uart_pca10056_s140/thumb_crt0.o
 .text.__aeabi_read_tp
                0x0000000000000000        0x8 Output/Release/Obj/ble_app_uart_pca10056_s140/thumb_crt0.o
 .text.abort    0x0000000000000000        0x2 Output/Release/Obj/ble_app_uart_pca10056_s140/thumb_crt0.o
 .text.__assert
                0x0000000000000000        0x2 Output/Release/Obj/ble_app_uart_pca10056_s140/thumb_crt0.o
 .text.__assert_func
                0x0000000000000000        0x2 Output/Release/Obj/ble_app_uart_pca10056_s140/thumb_crt0.o
 .text.__aeabi_assert
                0x0000000000000000        0x2 Output/Release/Obj/ble_app_uart_pca10056_s140/thumb_crt0.o
 .text.__sync_synchronize
                0x0000000000000000        0x2 Output/Release/Obj/ble_app_uart_pca10056_s140/thumb_crt0.o
 .text.__getchar
                0x0000000000000000        0x4 Output/Release/Obj/ble_app_uart_pca10056_s140/thumb_crt0.o
 .text.__putchar
                0x0000000000000000        0x4 Output/Release/Obj/ble_app_uart_pca10056_s140/thumb_crt0.o
 .text.__open   0x0000000000000000        0x4 Output/Release/Obj/ble_app_uart_pca10056_s140/thumb_crt0.o
 .text.__close  0x0000000000000000        0x4 Output/Release/Obj/ble_app_uart_pca10056_s140/thumb_crt0.o
 .text.__write  0x0000000000000000        0xa Output/Release/Obj/ble_app_uart_pca10056_s140/thumb_crt0.o
 .text.__read   0x0000000000000000        0xa Output/Release/Obj/ble_app_uart_pca10056_s140/thumb_crt0.o
 .text.__seek   0x0000000000000000       0x1a Output/Release/Obj/ble_app_uart_pca10056_s140/thumb_crt0.o
 .text.remove   0x0000000000000000        0x4 Output/Release/Obj/ble_app_uart_pca10056_s140/thumb_crt0.o
 .text.rename   0x0000000000000000        0x4 Output/Release/Obj/ble_app_uart_pca10056_s140/thumb_crt0.o
 .bss.__user_locale_name_buffer
                0x0000000000000000        0x4 Output/Release/Obj/ble_app_uart_pca10056_s140/thumb_crt0.o
 .stack         0x0000000000000000        0x0 Output/Release/Obj/ble_app_uart_pca10056_s140/thumb_crt0.o
 .stack_process
                0x0000000000000000        0x0 Output/Release/Obj/ble_app_uart_pca10056_s140/thumb_crt0.o
 .heap          0x0000000000000000        0x0 Output/Release/Obj/ble_app_uart_pca10056_s140/thumb_crt0.o
 .group         0x0000000000000000        0xc Output/Release/Obj/ble_app_uart_pca10056_s140/nrf_log_backend_rtt.o
 .group         0x0000000000000000        0xc Output/Release/Obj/ble_app_uart_pca10056_s140/nrf_log_backend_rtt.o
 .group         0x0000000000000000        0xc Output/Release/Obj/ble_app_uart_pca10056_s140/nrf_log_backend_rtt.o
 .group         0x0000000000000000        0xc Output/Release/Obj/ble_app_uart_pca10056_s140/nrf_log_backend_rtt.o
 .group         0x0000000000000000        0xc Output/Release/Obj/ble_app_uart_pca10056_s140/nrf_log_backend_rtt.o
[...]
Memory Configuration

Name             Origin             Length             Attributes
UNPLACED_SECTIONS 0x0000000100000000 0x0000000000000000 xw
RAM              0x0000000020000000 0x0000000000040000 xw
FLASH            0x0000000000000000 0x0000000000100000 xw
*default*        0x0000000000000000 0xffffffffffffffff

Linker script and memory map

                0x0000000000000000                __do_debug_operation = __do_debug_operation_mempoll
                0x000000000002a9e8                __vfprintf = __vfprintf_long
                0x0000000000000000                __vfscanf = __vfscanf_int
                0x0000000020000000                __RAM_segment_start__ = 0x20000000
                0x0000000020040000                __RAM_segment_end__ = 0x20040000
                0x0000000000040000                __RAM_segment_size__ = 0x40000
                0x0000000000000000                __FLASH_segment_start__ = 0x0
                0x0000000000100000                __FLASH_segment_end__ = 0x100000
                0x0000000000100000                __FLASH_segment_size__ = 0x100000
                0x0000000000002000                __HEAPSIZE__ = 0x2000
                0x0000000000000000                __STACKSIZE_PROCESS__ = 0x0
                0x0000000000002000                __STACKSIZE__ = 0x2000
                0x0000000020000000                __reserved_ram_load_start__ = 0x20000000

.reserved_ram   0x0000000020000000     0x2a98
                0x0000000020000000                __reserved_ram_start__ = .
 *(.reserved_ram .reserved_ram.*)
                0x0000000020002a98                . = MAX (((__reserved_ram_start__ + 0x20002a98) - 0x20000000), .)
 *fill*         0x0000000020000000     0x2a98 
                0x0000000020002a98                __reserved_ram_end__ = (__reserved_ram_start__ + SIZEOF (.reserved_ram))
                0x0000000000002a98                __reserved_ram_size__ = SIZEOF (.reserved_ram)
                0x0000000020002a98                __reserved_ram_load_end__ = __reserved_ram_end__
                0x0000000000000001                . = ASSERT (((__reserved_ram_start__ == __reserved_ram_end__) || ((__reserved_ram_end__ - __RAM_segment_start__) <= __RAM_segment_size__)), error: .reserved_ram is too large to fit in RAM memory segment)
                0x0000000020002a98                __vectors_ram_load_start__ = 0x20002a98

.vectors_ram    0x0000000020002a98        0x0
                0x0000000020002a98                __vectors_ram_start__ = .
                0x0000000020002a98                __app_ram_start__ = __vectors_ram_start__
 *(.vectors_ram .vectors_ram.*)
                0x0000000020002a98                __vectors_ram_end__ = (__vectors_ram_start__ + SIZEOF (.vectors_ram))
                0x0000000000000000                __vectors_ram_size__ = SIZEOF (.vectors_ram)
                0x0000000020002a98                __vectors_ram_load_end__ = __vectors_ram_end__
                0x0000000000000001                . = ASSERT (((__vectors_ram_start__ == __vectors_ram_end__) || ((__vectors_ram_end__ - __RAM_segment_start__) <= __RAM_segment_size__)), error: .vectors_ram is too large to fit in RAM memory segment)
                0x0000000000000001                . = ASSERT ((__reserved_ram_end__ <= __vectors_ram_start__), error: section .reserved_ram overlaps absolute placed section .vectors_ram)
                0x0000000020002a98                __nrf_sections_run_load_start__ = ALIGN (__vectors_ram_end__, 0x4)

.nrf_sections_run
                0x0000000020002a98        0x0
                0x0000000020002a98                __nrf_sections_run_start__ = .
                0x0000000020002a98                __start_nrf_sections_run = __nrf_sections_run_start__
 *(.nrf_sections_run .nrf_sections_run.*)
                0x0000000020002a98                __nrf_sections_run_end__ = (__nrf_sections_run_start__ + SIZEOF (.nrf_sections_run))
                0x0000000000000000                __nrf_sections_run_size__ = SIZEOF (.nrf_sections_run)
                0x0000000020002a98                __nrf_sections_run_load_end__ = __nrf_sections_run_end__
                0x0000000000000001                . = ASSERT (((__nrf_sections_run_start__ == __nrf_sections_run_end__) || ((__nrf_sections_run_end__ - __RAM_segment_start__) <= __RAM_segment_size__)), error: .nrf_sections_run is too large to fit in RAM memory segment)
                0x0000000000000000                __reserved_flash_load_start__ = 0x0

.reserved_flash
                0x0000000000000000    0x26000
                0x0000000000000000                __reserved_flash_start__ = .
 *(.reserved_flash .reserved_flash.*)
                0x0000000000026000                . = MAX (((__reserved_flash_start__ + 0x26000) - 0x0), .)
 *fill*         0x0000000000000000    0x26000 
                0x0000000000026000                __reserved_flash_end__ = (__reserved_flash_start__ + SIZEOF (.reserved_flash))
                0x0000000000026000                __reserved_flash_size__ = SIZEOF (.reserved_flash)
                0x0000000000026000                __reserved_flash_load_end__ = __reserved_flash_end__
                0x0000000000000001                . = ASSERT (((__reserved_flash_start__ == __reserved_flash_end__) || ((__reserved_flash_end__ - __FLASH_segment_start__) <= __FLASH_segment_size__)), error: .reserved_flash is too large to fit in FLASH memory segment)
                0x0000000000026000                __vectors_load_start__ = 0x26000

.vectors        0x0000000000026000      0x200
                0x0000000000026000                __vectors_start__ = .
 *(.vectors .vectors.*)
 .vectors       0x0000000000026000      0x200 Output/Release/Obj/ble_app_uart_pca10056_s140/ses_startup_nrf52840.o
                0x0000000000026000                _vectors
                0x0000000000026200                __vectors_end__ = (__vectors_start__ + SIZEOF (.vectors))
                0x0000000000000200                __vectors_size__ = SIZEOF (.vectors)
                0x0000000000026200                __vectors_load_end__ = __vectors_end__
                0x0000000000000001                . = ASSERT (((__vectors_start__ == __vectors_end__) || ((__vectors_end__ - __FLASH_segment_start__) <= __FLASH_segment_size__)), error: .vectors is too large to fit in FLASH memory segment)
                0x0000000000000001                . = ASSERT ((__reserved_flash_end__ <= __vectors_start__), error: section .reserved_flash overlaps absolute placed section .vectors)
                0x0000000000026200                __init_load_start__ = ALIGN (__vectors_end__, 0x4)

.init           0x0000000000026200      0x1d4
                0x0000000000026200                __init_start__ = .
 *(.init .init.*)
 .init          0x0000000000026200      0x15c Output/Release/Obj/ble_app_uart_pca10056_s140/thumb_crt0.o
                0x0000000000026200                _start
                0x00000000000262b4                exit
 .init          0x000000000002635c       0x18 Output/Release/Obj/ble_app_uart_pca10056_s140/ses_startup_nrf52840.o
                0x000000000002635c                NMI_Handler
                0x000000000002635e                HardFault_Handler
                0x0000000000026360                MemoryManagement_Handler
                0x0000000000026362                BusFault_Handler
                0x0000000000026364                UsageFault_Handler
                0x0000000000026366                SVC_Handler
                0x0000000000026368                DebugMon_Handler
                0x000000000002636a                PendSV_Handler
                0x000000000002636c                SysTick_Handler
                0x000000000002636e                RADIO_IRQHandler
                0x000000000002636e                TEMP_IRQHandler
                0x000000000002636e                QDEC_IRQHandler
                0x000000000002636e                RTC0_IRQHandler
                0x000000000002636e                PWM1_IRQHandler
                0x000000000002636e                FPU_IRQHandler
                0x000000000002636e                USBD_IRQHandler
                0x000000000002636e                SPIM0_SPIS0_TWIM0_TWIS0_SPI0_TWI0_IRQHandler
                0x000000000002636e                TIMER3_IRQHandler
                0x000000000002636e                TIMER4_IRQHandler
                0x000000000002636e                CRYPTOCELL_IRQHandler
                0x000000000002636e                I2S_IRQHandler
                0x000000000002636e                PWM3_IRQHandler
                0x000000000002636e                TIMER0_IRQHandler
                0x000000000002636e                UARTE1_IRQHandler
                0x000000000002636e                Dummy_Handler
                0x000000000002636e                TIMER1_IRQHandler
                0x000000000002636e                SPIM3_IRQHandler
                0x000000000002636e                PWM2_IRQHandler
                0x000000000002636e                ECB_IRQHandler
                0x000000000002636e                SPIM1_SPIS1_TWIM1_TWIS1_SPI1_TWI1_IRQHandler
                0x000000000002636e                SAADC_IRQHandler
                0x000000000002636e                CCM_AAR_IRQHandler
                0x000000000002636e                WDT_IRQHandler
                0x000000000002636e                QSPI_IRQHandler
                0x000000000002636e                SWI5_EGU5_IRQHandler
                0x000000000002636e                RNG_IRQHandler
                0x000000000002636e                RTC2_IRQHandler
                0x000000000002636e                PWM0_IRQHandler
                0x000000000002636e                SWI3_EGU3_IRQHandler
                0x000000000002636e                SWI1_EGU1_IRQHandler
                0x000000000002636e                SPIM2_SPIS2_SPI2_IRQHandler
                0x000000000002636e                NFCT_IRQHandler
                0x000000000002636e                SWI4_EGU4_IRQHandler
                0x000000000002636e                MWU_IRQHandler
                0x000000000002636e                TIMER2_IRQHandler
                0x000000000002636e                COMP_LPCOMP_IRQHandler
                0x0000000000026370                nRFInitialize
 .init          0x0000000000026374       0x60 Output/Release/Obj/ble_app_uart_pca10056_s140/ses_startup_nrf_common.o
                0x0000000000026374                Reset_Handler
                0x000000000002639c                InitializeUserMemorySections
                0x00000000000263d4                __init_end__ = (__init_start__ + SIZEOF (.init))
                0x00000000000001d4                __init_size__ = SIZEOF (.init)
                0x00000000000263d4                __init_load_end__ = __init_end__
                0x0000000000000001                . = ASSERT (((__init_start__ == __init_end__) || ((__init_end__ - __FLASH_segment_start__) <= __FLASH_segment_size__)), error: .init is too large to fit in FLASH memory segment)
                0x00000000000263d4                __init_rodata_load_start__ = ALIGN (__init_end__, 0x4)

.init_rodata    0x00000000000263d4        0x0
                0x00000000000263d4                __init_rodata_start__ = .
 *(.init_rodata .init_rodata.*)
                0x00000000000263d4                __init_rodata_end__ = (__init_rodata_start__ + SIZEOF (.init_rodata))
                0x0000000000000000                __init_rodata_size__ = SIZEOF (.init_rodata)
                0x00000000000263d4                __init_rodata_load_end__ = __init_rodata_end__
                0x0000000000000001                . = ASSERT (((__init_rodata_start__ == __init_rodata_end__) || ((__init_rodata_end__ - __FLASH_segment_start__) <= __FLASH_segment_size__)), error: .init_rodata is too large to fit in FLASH memory segment)
                0x00000000000263d4                __text_load_start__ = ALIGN (__init_rodata_end__, 0x4)

.text           0x00000000000263d4     0x4c4c
                0x00000000000263d4                __text_start__ = .
 *(.text .text.* .glue_7t .glue_7 .gnu.linkonce.t.* .gcc_except_table .ARM.extab* .gnu.linkonce.armextab.*)
 .glue_7        0x00000000000263d4        0x0 linker stubs
 .glue_7t       0x00000000000263d4        0x0 linker stubs
 .text.nrf_log_backend_rtt_flush
                0x00000000000263d4        0x2 Output/Release/Obj/ble_app_uart_pca10056_s140/nrf_log_backend_rtt.o
 *fill*         0x00000000000263d6        0x2 
 .text.nrf_log_backend_rtt_put
                0x00000000000263d8       0x1c Output/Release/Obj/ble_app_uart_pca10056_s140/nrf_log_backend_rtt.o
 .text.serial_tx
                0x00000000000263f4       0x50 Output/Release/Obj/ble_app_uart_pca10056_s140/nrf_log_backend_rtt.o
 .text.nrf_log_backend_rtt_panic_set
                0x0000000000026444        0x2 Output/Release/Obj/ble_app_uart_pca10056_s140/nrf_log_backend_rtt.o
 .text.nrf_log_backend_rtt_init
                0x0000000000026446        0x4 Output/Release/Obj/ble_app_uart_pca10056_s140/nrf_log_backend_rtt.o
                0x0000000000026446                nrf_log_backend_rtt_init
 .text.nrf_log_backend_serial_put
                0x000000000002644a       0xc2 Output/Release/Obj/ble_app_uart_pca10056_s140/nrf_log_backend_serial.o
                0x000000000002644a                nrf_log_backend_serial_put
 .text.nrf_log_default_backends_init
                0x000000000002650c       0x20 Output/Release/Obj/ble_app_uart_pca10056_s140/nrf_log_default_backends.o
                0x000000000002650c                nrf_log_default_backends_init
 .text.invalid_packets_omit
                0x000000000002652c       0x3a Output/Release/Obj/ble_app_uart_pca10056_s140/nrf_log_frontend.o
 *fill*         0x0000000000026566        0x2 
 .text.buf_prealloc
                0x0000000000026568      0x13c Output/Release/Obj/ble_app_uart_pca10056_s140/nrf_log_frontend.o
 .text.nrf_log_init
                0x00000000000266a4       0x3c Output/Release/Obj/ble_app_uart_pca10056_s140/nrf_log_frontend.o
                0x00000000000266a4                nrf_log_init
 .text.nrf_log_module_name_get
                0x00000000000266e0       0x38 Output/Release/Obj/ble_app_uart_pca10056_s140/nrf_log_frontend.o
                0x00000000000266e0                nrf_log_module_name_get
 .text.nrf_log_color_id_get
                0x0000000000026718       0x2c Output/Release/Obj/ble_app_uart_pca10056_s140/nrf_log_frontend.o
                0x0000000000026718                nrf_log_color_id_get
 .text.buffer_is_empty
                0x0000000000026744       0x14 Output/Release/Obj/ble_app_uart_pca10056_s140/nrf_log_frontend.o
                0x0000000000026744                buffer_is_empty
 .text.nrf_log_frontend_dequeue
                0x0000000000026758      0x22c Output/Release/Obj/ble_app_uart_pca10056_s140/nrf_log_frontend.o
                0x0000000000026758                nrf_log_frontend_dequeue
 .text.std_n    0x0000000000026984       0x98 Output/Release/Obj/ble_app_uart_pca10056_s140/nrf_log_frontend.o
 .text.nrf_log_frontend_std_0
                0x0000000000026a1c        0x8 Output/Release/Obj/ble_app_uart_pca10056_s140/nrf_log_frontend.o
                0x0000000000026a1c                nrf_log_frontend_std_0
 .text.nrf_log_frontend_std_1
                0x0000000000026a24       0x12 Output/Release/Obj/ble_app_uart_pca10056_s140/nrf_log_frontend.o
                0x0000000000026a24                nrf_log_frontend_std_1
 .text.nrf_log_frontend_std_2
                0x0000000000026a36       0x14 Output/Release/Obj/ble_app_uart_pca10056_s140/nrf_log_frontend.o
                0x0000000000026a36                nrf_log_frontend_std_2
 *fill*         0x0000000000026a4a        0x2 
 .text.nrf_log_backend_add
                0x0000000000026a4c       0x44 Output/Release/Obj/ble_app_uart_pca10056_s140/nrf_log_frontend.o
                0x0000000000026a4c                nrf_log_backend_add
 .text.nrf_log_panic
                0x0000000000026a90       0x28 Output/Release/Obj/ble_app_uart_pca10056_s140/nrf_log_frontend.o
                0x0000000000026a90                nrf_log_panic
 .text.prefix_process
                0x0000000000026ab8       0x7c Output/Release/Obj/ble_app_uart_pca10056_s140/nrf_log_str_formatter.o
 .text.postfix_process
                0x0000000000026b34       0x44 Output/Release/Obj/ble_app_uart_pca10056_s140/nrf_log_str_formatter.o
 .text.nrf_log_std_entry_process
                0x0000000000026b78       0xc8 Output/Release/Obj/ble_app_uart_pca10056_s140/nrf_log_str_formatter.o
                0x0000000000026b78                nrf_log_std_entry_process
 .text.nrf_log_hexdump_entry_process
                0x0000000000026c40       0xb4 Output/Release/Obj/ble_app_uart_pca10056_s140/nrf_log_str_formatter.o
                0x0000000000026c40                nrf_log_hexdump_entry_process
 .text.app_error_handler_bare
                0x0000000000026cf4       0x1a Output/Release/Obj/ble_app_uart_pca10056_s140/app_error.o
                0x0000000000026cf4                app_error_handler_bare
 *fill*         0x0000000000026d0e        0x2 
 .text.app_error_fault_handler
                0x0000000000026d10       0x6c Output/Release/Obj/ble_app_uart_pca10056_s140/app_error_weak.o
                0x0000000000026d10                app_error_fault_handler
 .text.user_op_alloc
                0x0000000000026d7c       0x2c Output/Release/Obj/ble_app_uart_pca10056_s140/app_timer.o
 .text.timer_stop_op_schedule
                0x0000000000026da8       0x50 Output/Release/Obj/ble_app_uart_pca10056_s140/app_timer.o
 .text.nrfx_coredep_delay_us.part.0.constprop.0
                0x0000000000026df8       0x10 Output/Release/Obj/ble_app_uart_pca10056_s140/app_timer.o
 .text.rtc1_stop
                0x0000000000026e08       0x44 Output/Release/Obj/ble_app_uart_pca10056_s140/app_timer.o
 .text.RTC1_IRQHandler
                0x0000000000026e4c       0x9c Output/Release/Obj/ble_app_uart_pca10056_s140/app_timer.o
                0x0000000000026e4c                RTC1_IRQHandler
 .text.SWI0_EGU0_IRQHandler
                0x0000000000026ee8      0x2b8 Output/Release/Obj/ble_app_uart_pca10056_s140/app_timer.o
                0x0000000000026ee8                SWI0_EGU0_IRQHandler
 .text.app_timer_init
                0x00000000000271a0       0x60 Output/Release/Obj/ble_app_uart_pca10056_s140/app_timer.o
                0x00000000000271a0                app_timer_init
 .text.app_timer_create
                0x0000000000027200       0x24 Output/Release/Obj/ble_app_uart_pca10056_s140/app_timer.o
                0x0000000000027200                app_timer_create
 .text.app_timer_start
                0x0000000000027224       0x90 Output/Release/Obj/ble_app_uart_pca10056_s140/app_timer.o
                0x0000000000027224                app_timer_start
 .text.app_timer_stop
                0x00000000000272b4       0x20 Output/Release/Obj/ble_app_uart_pca10056_s140/app_timer.o
                0x00000000000272b4                app_timer_stop
 .text.app_util_critical_region_enter
                0x00000000000272d4       0x48 Output/Release/Obj/ble_app_uart_pca10056_s140/app_util_platform.o
                0x00000000000272d4                app_util_critical_region_enter
 .text.app_util_critical_region_exit
                0x000000000002731c       0x2c Output/Release/Obj/ble_app_uart_pca10056_s140/app_util_platform.o
                0x000000000002731c                app_util_critical_region_exit
 .text.nrf_atflags_set
                0x0000000000027348       0x12 Output/Release/Obj/ble_app_uart_pca10056_s140/nrf_atflags.o
                0x0000000000027348                nrf_atflags_set
 .text.nrf_atflags_clear
                0x000000000002735a       0x14 Output/Release/Obj/ble_app_uart_pca10056_s140/nrf_atflags.o
                0x000000000002735a                nrf_atflags_clear
 .text.nrf_atflags_get
                0x000000000002736e       0x12 Output/Release/Obj/ble_app_uart_pca10056_s140/nrf_atflags.o
                0x000000000002736e                nrf_atflags_get
 .text.nrf_atomic_u32_fetch_store
                0x0000000000027380       0x16 Output/Release/Obj/ble_app_uart_pca10056_s140/nrf_atomic.o
                0x0000000000027380                nrf_atomic_u32_fetch_store
 .text.nrf_atomic_u32_or
                0x0000000000027396       0x18 Output/Release/Obj/ble_app_uart_pca10056_s140/nrf_atomic.o
                0x0000000000027396                nrf_atomic_u32_or
 .text.nrf_atomic_u32_fetch_and
                0x00000000000273ae       0x18 Output/Release/Obj/ble_app_uart_pca10056_s140/nrf_atomic.o
                0x00000000000273ae                nrf_atomic_u32_fetch_and
 .text.nrf_atomic_u32_and
                0x00000000000273c6       0x18 Output/Release/Obj/ble_app_uart_pca10056_s140/nrf_atomic.o
                0x00000000000273c6                nrf_atomic_u32_and
 .text.nrf_atomic_u32_add
                0x00000000000273de       0x18 Output/Release/Obj/ble_app_uart_pca10056_s140/nrf_atomic.o
                0x00000000000273de                nrf_atomic_u32_add
 .text.nrf_atomic_u32_sub
                0x00000000000273f6       0x18 Output/Release/Obj/ble_app_uart_pca10056_s140/nrf_atomic.o
                0x00000000000273f6                nrf_atomic_u32_sub
 .text.nrf_atomic_flag_set
                0x000000000002740e        0x6 Output/Release/Obj/ble_app_uart_pca10056_s140/nrf_atomic.o
                0x000000000002740e                nrf_atomic_flag_set
 .text.nrf_atomic_flag_clear_fetch
                0x0000000000027414        0x6 Output/Release/Obj/ble_app_uart_pca10056_s140/nrf_atomic.o
                0x0000000000027414                nrf_atomic_flag_clear_fetch
 .text.nrf_balloc_init
                0x000000000002741a       0x2e Output/Release/Obj/ble_app_uart_pca10056_s140/nrf_balloc.o
                0x000000000002741a                nrf_balloc_init
 .text.nrf_balloc_alloc
                0x0000000000027448       0x48 Output/Release/Obj/ble_app_uart_pca10056_s140/nrf_balloc.o
                0x0000000000027448                nrf_balloc_alloc
 .text.nrf_balloc_free
                0x0000000000027490       0x34 Output/Release/Obj/ble_app_uart_pca10056_s140/nrf_balloc.o
                0x0000000000027490                nrf_balloc_free
 .text.nrf_fprintf_buffer_flush
                0x00000000000274c4       0x16 Output/Release/Obj/ble_app_uart_pca10056_s140/nrf_fprintf.o
                0x00000000000274c4                nrf_fprintf_buffer_flush
 .text.nrf_fprintf
                0x00000000000274da       0x1c Output/Release/Obj/ble_app_uart_pca10056_s140/nrf_fprintf.o
                0x00000000000274da                nrf_fprintf
 .text.buffer_add
                0x00000000000274f6       0x1e Output/Release/Obj/ble_app_uart_pca10056_s140/nrf_fprintf_format.o
 .text.unsigned_print
                0x0000000000027514       0xb4 Output/Release/Obj/ble_app_uart_pca10056_s140/nrf_fprintf_format.o
 .text.nrf_fprintf_fmt
                0x00000000000275c8      0x294 Output/Release/Obj/ble_app_uart_pca10056_s140/nrf_fprintf_format.o
                0x00000000000275c8                nrf_fprintf_fmt
 .text.memobj_op
                0x000000000002785c       0x86 Output/Release/Obj/ble_app_uart_pca10056_s140/nrf_memobj.o
 .text.nrf_memobj_pool_init
                0x00000000000278e2        0x4 Output/Release/Obj/ble_app_uart_pca10056_s140/nrf_memobj.o
                0x00000000000278e2                nrf_memobj_pool_init
 .text.nrf_memobj_free
                0x00000000000278e6       0x2c Output/Release/Obj/ble_app_uart_pca10056_s140/nrf_memobj.o
                0x00000000000278e6                nrf_memobj_free
 .text.nrf_memobj_alloc
                0x0000000000027912       0x5e Output/Release/Obj/ble_app_uart_pca10056_s140/nrf_memobj.o
                0x0000000000027912                nrf_memobj_alloc
 .text.nrf_memobj_get
                0x0000000000027970        0x8 Output/Release/Obj/ble_app_uart_pca10056_s140/nrf_memobj.o
                0x0000000000027970                nrf_memobj_get
 .text.nrf_memobj_put
                0x0000000000027978       0x1c Output/Release/Obj/ble_app_uart_pca10056_s140/nrf_memobj.o
                0x0000000000027978                nrf_memobj_put
 .text.nrf_memobj_write
                0x0000000000027994       0x14 Output/Release/Obj/ble_app_uart_pca10056_s140/nrf_memobj.o
                0x0000000000027994                nrf_memobj_write
 .text.nrf_memobj_read
                0x00000000000279a8       0x14 Output/Release/Obj/ble_app_uart_pca10056_s140/nrf_memobj.o
                0x00000000000279a8                nrf_memobj_read
 .text.nrf_pwr_mgmt_init
                0x00000000000279bc       0x2c Output/Release/Obj/ble_app_uart_pca10056_s140/nrf_pwr_mgmt.o
                0x00000000000279bc                nrf_pwr_mgmt_init
 .text.nrf_ringbuf_init
                0x00000000000279e8       0x12 Output/Release/Obj/ble_app_uart_pca10056_s140/nrf_ringbuf.o
                0x00000000000279e8                nrf_ringbuf_init
 .text.nrf_section_iter_init
                0x00000000000279fa       0x14 Output/Release/Obj/ble_app_uart_pca10056_s140/nrf_section_iter.o
                0x00000000000279fa                nrf_section_iter_init
 .text.nrf_section_iter_next
                0x0000000000027a0e       0x18 Output/Release/Obj/ble_app_uart_pca10056_s140/nrf_section_iter.o
                0x0000000000027a0e                nrf_section_iter_next
 *fill*         0x0000000000027a26        0x2 
 .text.nrf_strerror_find
                0x0000000000027a28       0x3c Output/Release/Obj/ble_app_uart_pca10056_s140/nrf_strerror.o
                0x0000000000027a28                nrf_strerror_find
 .text.nrf_strerror_get
                0x0000000000027a64       0x14 Output/Release/Obj/ble_app_uart_pca10056_s140/nrf_strerror.o
                0x0000000000027a64                nrf_strerror_get
 .text.errata_98
                0x0000000000027a78       0x1a Output/Release/Obj/ble_app_uart_pca10056_s140/system_nrf52840.o
 *fill*         0x0000000000027a92        0x2 
 .text.SystemInit
                0x0000000000027a94      0x1bc Output/Release/Obj/ble_app_uart_pca10056_s140/system_nrf52840.o
                0x0000000000027a94                SystemInit
 .text.bsp_board_led_state_get
                0x0000000000027c50       0x28 Output/Release/Obj/ble_app_uart_pca10056_s140/boards.o
                0x0000000000027c50                bsp_board_led_state_get
 .text.bsp_board_led_on
                0x0000000000027c78       0x28 Output/Release/Obj/ble_app_uart_pca10056_s140/boards.o
                0x0000000000027c78                bsp_board_led_on
 .text.bsp_board_led_off
                0x0000000000027ca0       0x28 Output/Release/Obj/ble_app_uart_pca10056_s140/boards.o
                0x0000000000027ca0                bsp_board_led_off
 .text.bsp_board_leds_off
                0x0000000000027cc8       0x1e Output/Release/Obj/ble_app_uart_pca10056_s140/boards.o
                0x0000000000027cc8                bsp_board_leds_off
 .text.bsp_board_leds_on
                0x0000000000027ce6       0x1e Output/Release/Obj/ble_app_uart_pca10056_s140/boards.o
                0x0000000000027ce6                bsp_board_leds_on
 .text.bsp_board_led_invert
                0x0000000000027d04       0x34 Output/Release/Obj/ble_app_uart_pca10056_s140/boards.o
                0x0000000000027d04                bsp_board_led_invert
 .text.clock_clk_started_notify
                0x0000000000027d38       0x24 Output/Release/Obj/ble_app_uart_pca10056_s140/nrf_drv_clock.o
 .text.clock_irq_handler
                0x0000000000027d5c       0x1c Output/Release/Obj/ble_app_uart_pca10056_s140/nrf_drv_clock.o
 .text.soc_evt_handler
                0x0000000000027d78       0x14 Output/Release/Obj/ble_app_uart_pca10056_s140/nrf_drv_clock.o
 .text.nrf_drv_clock_init
                0x0000000000027d8c       0x38 Output/Release/Obj/ble_app_uart_pca10056_s140/nrf_drv_clock.o
                0x0000000000027d8c                nrf_drv_clock_init
 .text.nrf_drv_clock_lfclk_release
                0x0000000000027dc4       0x34 Output/Release/Obj/ble_app_uart_pca10056_s140/nrf_drv_clock.o
                0x0000000000027dc4                nrf_drv_clock_lfclk_release
 .text.sd_state_evt_handler
                0x0000000000027df8       0x5c Output/Release/Obj/ble_app_uart_pca10056_s140/nrf_drv_clock.o
 .text.nrf_clock_event_clear
                0x0000000000027e54       0x14 Output/Release/Obj/ble_app_uart_pca10056_s140/nrfx_clock.o
 .text.nrfx_clock_init
                0x0000000000027e68       0x18 Output/Release/Obj/ble_app_uart_pca10056_s140/nrfx_clock.o
                0x0000000000027e68                nrfx_clock_init
 .text.nrfx_clock_enable
                0x0000000000027e80       0x28 Output/Release/Obj/ble_app_uart_pca10056_s140/nrfx_clock.o
                0x0000000000027e80                nrfx_clock_enable
 .text.nrfx_clock_lfclk_stop
                0x0000000000027ea8       0x12 Output/Release/Obj/ble_app_uart_pca10056_s140/nrfx_clock.o
                0x0000000000027ea8                nrfx_clock_lfclk_stop
 *fill*         0x0000000000027eba        0x2 
 .text.POWER_CLOCK_IRQHandler
                0x0000000000027ebc       0x50 Output/Release/Obj/ble_app_uart_pca10056_s140/nrfx_clock.o
                0x0000000000027ebc                POWER_CLOCK_IRQHandler
 .text.nrf_gpiote_event_clear
                0x0000000000027f0c       0x18 Output/Release/Obj/ble_app_uart_pca10056_s140/nrfx_gpiote.o
 .text.nrf_gpio_pin_port_decode
                0x0000000000027f24       0x18 Output/Release/Obj/ble_app_uart_pca10056_s140/nrfx_gpiote.o
 .text.nrf_gpio_cfg_sense_set
                0x0000000000027f3c       0x2e Output/Release/Obj/ble_app_uart_pca10056_s140/nrfx_gpiote.o
 .text.nrf_bitmask_bit_set
                0x0000000000027f6a       0x14 Output/Release/Obj/ble_app_uart_pca10056_s140/nrfx_gpiote.o
 *fill*         0x0000000000027f7e        0x2 
 .text.GPIOTE_IRQHandler
                0x0000000000027f80      0x1b0 Output/Release/Obj/ble_app_uart_pca10056_s140/nrfx_gpiote.o
                0x0000000000027f80                GPIOTE_IRQHandler
 .text.UARTE0_UART0_IRQHandler
                0x0000000000028130        0xc Output/Release/Obj/ble_app_uart_pca10056_s140/nrfx_prs.o
                0x0000000000028130                UARTE0_UART0_IRQHandler
 .text.nrf_pdm_event_clear
                0x000000000002813c       0x18 Output/Release/Obj/ble_app_uart_pca10056_s140/nrfx_pdm.o
 .text.PDM_IRQHandler
                0x0000000000028154       0xfc Output/Release/Obj/ble_app_uart_pca10056_s140/nrfx_pdm.o
                0x0000000000028154                PDM_IRQHandler
 .text.nrfx_pdm_init
                0x0000000000028250       0xe4 Output/Release/Obj/ble_app_uart_pca10056_s140/nrfx_pdm.o
                0x0000000000028250                nrfx_pdm_init
 .text.nrfx_pdm_start
                0x0000000000028334       0x34 Output/Release/Obj/ble_app_uart_pca10056_s140/nrfx_pdm.o
                0x0000000000028334                nrfx_pdm_start
 .text.nrfx_pdm_buffer_set
                0x0000000000028368       0x90 Output/Release/Obj/ble_app_uart_pca10056_s140/nrfx_pdm.o
                0x0000000000028368                nrfx_pdm_buffer_set
 .text.nrfx_pdm_stop
                0x00000000000283f8       0x3c Output/Release/Obj/ble_app_uart_pca10056_s140/nrfx_pdm.o
                0x00000000000283f8                nrfx_pdm_stop
 .text.leds_off
                0x0000000000028434       0x2c Output/Release/Obj/ble_app_uart_pca10056_s140/bsp.o
 .text.bsp_led_indication
                0x0000000000028460      0x200 Output/Release/Obj/ble_app_uart_pca10056_s140/bsp.o
 .text.bsp_indication_set
                0x0000000000028660       0x18 Output/Release/Obj/ble_app_uart_pca10056_s140/bsp.o
                0x0000000000028660                bsp_indication_set
 .text.bsp_event_to_button_action_assign
                0x0000000000028678       0x4c Output/Release/Obj/ble_app_uart_pca10056_s140/bsp.o
                0x0000000000028678                bsp_event_to_button_action_assign
 .text.advertising_buttons_configure
                0x00000000000286c4       0x36 Output/Release/Obj/ble_app_uart_pca10056_s140/bsp_btn_ble.o
 *fill*         0x00000000000286fa        0x2 
 .text.ble_evt_handler
                0x00000000000286fc       0x80 Output/Release/Obj/ble_app_uart_pca10056_s140/bsp_btn_ble.o
 .text.sd_ble_gap_disconnect
                0x000000000002877c        0x4 Output/Release/Obj/ble_app_uart_pca10056_s140/main.o
 .text.sd_ble_gap_ppcp_set
                0x0000000000028780        0x4 Output/Release/Obj/ble_app_uart_pca10056_s140/main.o
 .text.sd_ble_gap_device_name_set
                0x0000000000028784        0x4 Output/Release/Obj/ble_app_uart_pca10056_s140/main.o
 .text.sd_ble_gap_sec_params_reply
                0x0000000000028788        0x4 Output/Release/Obj/ble_app_uart_pca10056_s140/main.o
 .text.sd_ble_gap_phy_update
                0x000000000002878c        0x4 Output/Release/Obj/ble_app_uart_pca10056_s140/main.o
 .text.sd_ble_gatts_sys_attr_set
                0x0000000000028790        0x4 Output/Release/Obj/ble_app_uart_pca10056_s140/main.o
 .text.nus_data_handler
                0x0000000000028794        0x2 Output/Release/Obj/ble_app_uart_pca10056_s140/main.o
 .text.nrf_qwr_error_handler
                0x0000000000028796        0x4 Output/Release/Obj/ble_app_uart_pca10056_s140/main.o
 *fill*         0x000000000002879a        0x2 
 .text.ble_evt_handler
                0x000000000002879c       0xc0 Output/Release/Obj/ble_app_uart_pca10056_s140/main.o
 .text.advertising_start
                0x000000000002885c       0x1c Output/Release/Obj/ble_app_uart_pca10056_s140/main.o
 .text.on_conn_params_evt
                0x0000000000028878       0x20 Output/Release/Obj/ble_app_uart_pca10056_s140/main.o
 .text.on_adv_evt
                0x0000000000028898       0x18 Output/Release/Obj/ble_app_uart_pca10056_s140/main.o
 .text.nrf_delay_ms.part.0
                0x00000000000288b0       0x1c Output/Release/Obj/ble_app_uart_pca10056_s140/main.o
 .text.gatt_evt_handler
                0x00000000000288cc       0x44 Output/Release/Obj/ble_app_uart_pca10056_s140/main.o
                0x00000000000288cc                gatt_evt_handler
 .text.conn_params_error_handler
                0x0000000000028910        0x4 Output/Release/Obj/ble_app_uart_pca10056_s140/main.o
 .text.BLE_TEXT
                0x0000000000028914       0x50 Output/Release/Obj/ble_app_uart_pca10056_s140/main.o
                0x0000000000028914                BLE_TEXT
 .text.drv_audio_pdm_event_handler
                0x0000000000028964       0x8c Output/Release/Obj/ble_app_uart_pca10056_s140/main.o
 .text.gatt_init
                0x00000000000289f0       0x2c Output/Release/Obj/ble_app_uart_pca10056_s140/main.o
                0x00000000000289f0                gatt_init
 .text.drv_audio_enable
                0x0000000000028a1c       0x10 Output/Release/Obj/ble_app_uart_pca10056_s140/main.o
                0x0000000000028a1c                drv_audio_enable
 .text.drv_audio_disable
                0x0000000000028a2c        0x4 Output/Release/Obj/ble_app_uart_pca10056_s140/main.o
                0x0000000000028a2c                drv_audio_disable
 .text.drv_audio_init
                0x0000000000028a30       0x24 Output/Release/Obj/ble_app_uart_pca10056_s140/main.o
                0x0000000000028a30                drv_audio_init
 .text.startup.main
                0x0000000000028a54      0x218 Output/Release/Obj/ble_app_uart_pca10056_s140/main.o
                0x0000000000028a54                main
 .text._GetAvailWriteSpace
                0x0000000000028c6c       0x12 Output/Release/Obj/ble_app_uart_pca10056_s140/SEGGER_RTT.o
 .text._WriteNoCheck
                0x0000000000028c7e       0x38 Output/Release/Obj/ble_app_uart_pca10056_s140/SEGGER_RTT.o
 .text._WriteBlocking
                0x0000000000028cb6       0x52 Output/Release/Obj/ble_app_uart_pca10056_s140/SEGGER_RTT.o
 .text._DoInit  0x0000000000028d08       0x60 Output/Release/Obj/ble_app_uart_pca10056_s140/SEGGER_RTT.o
 .text.SEGGER_RTT_WriteNoLock
                0x0000000000028d68       0x60 Output/Release/Obj/ble_app_uart_pca10056_s140/SEGGER_RTT.o
                0x0000000000028d68                SEGGER_RTT_WriteNoLock
 .text.SEGGER_RTT_Init
                0x0000000000028dc8        0x4 Output/Release/Obj/ble_app_uart_pca10056_s140/SEGGER_RTT.o
                0x0000000000028dc8                SEGGER_RTT_Init
 .text.sd_ble_gap_addr_get
                0x0000000000028dcc        0x4 Output/Release/Obj/ble_app_uart_pca10056_s140/ble_advdata.o
 .text.sd_ble_gap_appearance_get
                0x0000000000028dd0        0x4 Output/Release/Obj/ble_app_uart_pca10056_s140/ble_advdata.o
 .text.sd_ble_gap_device_name_get
                0x0000000000028dd4        0x4 Output/Release/Obj/ble_app_uart_pca10056_s140/ble_advdata.o
 .text.sd_ble_uuid_encode
                0x0000000000028dd8        0x4 Output/Release/Obj/ble_app_uart_pca10056_s140/ble_advdata.o
 .text.uuid_list_sized_encode
                0x0000000000028ddc       0xac Output/Release/Obj/ble_app_uart_pca10056_s140/ble_advdata.o
 .text.uuid_list_encode
                0x0000000000028e88       0x38 Output/Release/Obj/ble_app_uart_pca10056_s140/ble_advdata.o
 .text.ble_advdata_encode
                0x0000000000028ec0      0x392 Output/Release/Obj/ble_app_uart_pca10056_s140/ble_advdata.o
                0x0000000000028ec0                ble_advdata_encode
 .text.ble_advdata_search
                0x0000000000029252       0x38 Output/Release/Obj/ble_app_uart_pca10056_s140/ble_advdata.o
                0x0000000000029252                ble_advdata_search
 .text.ble_advdata_parse
                0x000000000002928a       0x20 Output/Release/Obj/ble_app_uart_pca10056_s140/ble_advdata.o
                0x000000000002928a                ble_advdata_parse
 .text.sd_ble_gap_adv_set_configure
                0x00000000000292aa        0x4 Output/Release/Obj/ble_app_uart_pca10056_s140/ble_advertising.o
 .text.sd_ble_gap_adv_start
                0x00000000000292ae        0x4 Output/Release/Obj/ble_app_uart_pca10056_s140/ble_advertising.o
 .text.flags_set
                0x00000000000292b2       0x2c Output/Release/Obj/ble_app_uart_pca10056_s140/ble_advertising.o
 .text.ble_advertising_conn_cfg_tag_set
                0x00000000000292de        0x6 Output/Release/Obj/ble_app_uart_pca10056_s140/ble_advertising.o
                0x00000000000292de                ble_advertising_conn_cfg_tag_set
 .text.ble_advertising_init
                0x00000000000292e4       0xee Output/Release/Obj/ble_app_uart_pca10056_s140/ble_advertising.o
                0x00000000000292e4                ble_advertising_init
 .text.ble_advertising_start
                0x00000000000293d2      0x224 Output/Release/Obj/ble_app_uart_pca10056_s140/ble_advertising.o
                0x00000000000293d2                ble_advertising_start
 .text.ble_advertising_on_ble_evt
                0x00000000000295f6       0x6a Output/Release/Obj/ble_app_uart_pca10056_s140/ble_advertising.o
                0x00000000000295f6                ble_advertising_on_ble_evt
 .text.ble_advertising_on_sys_evt
                0x0000000000029660        0x2 Output/Release/Obj/ble_app_uart_pca10056_s140/ble_advertising.o
                0x0000000000029660                ble_advertising_on_sys_evt
 .text.sd_ble_gap_conn_param_update
                0x0000000000029662        0x4 Output/Release/Obj/ble_app_uart_pca10056_s140/ble_conn_params.o
 .text.sd_ble_gap_disconnect
                0x0000000000029666        0x4 Output/Release/Obj/ble_app_uart_pca10056_s140/ble_conn_params.o
 .text.sd_ble_gap_ppcp_set
                0x000000000002966a        0x4 Output/Release/Obj/ble_app_uart_pca10056_s140/ble_conn_params.o
 .text.sd_ble_gap_ppcp_get
                0x000000000002966e        0x4 Output/Release/Obj/ble_app_uart_pca10056_s140/ble_conn_params.o
 *fill*         0x0000000000029672        0x2 
 .text.instance_get
                0x0000000000029674       0x14 Output/Release/Obj/ble_app_uart_pca10056_s140/ble_conn_params.o
 .text.send_error_evt
                0x0000000000029688       0x10 Output/Release/Obj/ble_app_uart_pca10056_s140/ble_conn_params.o
 .text.update_timeout_handler
                0x0000000000029698       0x70 Output/Release/Obj/ble_app_uart_pca10056_s140/ble_conn_params.o
 .text.conn_params_negotiation
                0x0000000000029708       0x48 Output/Release/Obj/ble_app_uart_pca10056_s140/ble_conn_params.o
 .text.is_conn_params_ok.constprop.0
                0x0000000000029750       0x32 Output/Release/Obj/ble_app_uart_pca10056_s140/ble_conn_params.o
 *fill*         0x0000000000029782        0x2 
 .text.ble_evt_handler
                0x0000000000029784       0xe0 Output/Release/Obj/ble_app_uart_pca10056_s140/ble_conn_params.o
 .text.ble_conn_params_init
                0x0000000000029864       0x74 Output/Release/Obj/ble_app_uart_pca10056_s140/ble_conn_params.o
                0x0000000000029864                ble_conn_params_init
 .text.conn_handle_list_get
                0x00000000000298d8       0x2e Output/Release/Obj/ble_app_uart_pca10056_s140/ble_conn_state.o
                0x00000000000298d8                conn_handle_list_get
 *fill*         0x0000000000029906        0x2 
 .text.ble_evt_handler
                0x0000000000029908       0xe0 Output/Release/Obj/ble_app_uart_pca10056_s140/ble_conn_state.o
 .text.ble_conn_state_valid
                0x00000000000299e8       0x14 Output/Release/Obj/ble_app_uart_pca10056_s140/ble_conn_state.o
                0x00000000000299e8                ble_conn_state_valid
 .text.ble_conn_state_conn_idx
                0x00000000000299fc       0x12 Output/Release/Obj/ble_app_uart_pca10056_s140/ble_conn_state.o
                0x00000000000299fc                ble_conn_state_conn_idx
 .text.blcm_link_ctx_get
                0x0000000000029a0e       0x4e Output/Release/Obj/ble_app_uart_pca10056_s140/ble_link_ctx_manager.o
                0x0000000000029a0e                blcm_link_ctx_get
 .text.sd_ble_gatts_characteristic_add
                0x0000000000029a5c        0x4 Output/Release/Obj/ble_app_uart_pca10056_s140/ble_srv_common.o
 .text.set_security_req
                0x0000000000029a60       0x2a Output/Release/Obj/ble_app_uart_pca10056_s140/ble_srv_common.o
 .text.ble_srv_is_notification_enabled
                0x0000000000029a8a        0x8 Output/Release/Obj/ble_app_uart_pca10056_s140/ble_srv_common.o
                0x0000000000029a8a                ble_srv_is_notification_enabled
 .text.characteristic_add
                0x0000000000029a92      0x154 Output/Release/Obj/ble_app_uart_pca10056_s140/ble_srv_common.o
                0x0000000000029a92                characteristic_add
 .text.sd_ble_gap_data_length_update
                0x0000000000029be6        0x4 Output/Release/Obj/ble_app_uart_pca10056_s140/nrf_ble_gatt.o
 .text.sd_ble_gattc_exchange_mtu_request
                0x0000000000029bea        0x4 Output/Release/Obj/ble_app_uart_pca10056_s140/nrf_ble_gatt.o
 .text.sd_ble_gatts_exchange_mtu_reply
                0x0000000000029bee        0x4 Output/Release/Obj/ble_app_uart_pca10056_s140/nrf_ble_gatt.o
 *fill*         0x0000000000029bf2        0x2 
 .text.data_length_update
                0x0000000000029bf4       0x84 Output/Release/Obj/ble_app_uart_pca10056_s140/nrf_ble_gatt.o
 .text.nrf_ble_gatt_init
                0x0000000000029c78       0x28 Output/Release/Obj/ble_app_uart_pca10056_s140/nrf_ble_gatt.o
                0x0000000000029c78                nrf_ble_gatt_init
 .text.nrf_ble_gatt_att_mtu_periph_set
                0x0000000000029ca0       0x18 Output/Release/Obj/ble_app_uart_pca10056_s140/nrf_ble_gatt.o
                0x0000000000029ca0                nrf_ble_gatt_att_mtu_periph_set
 .text.nrf_ble_gatt_on_ble_evt
                0x0000000000029cb8      0x1b0 Output/Release/Obj/ble_app_uart_pca10056_s140/nrf_ble_gatt.o
                0x0000000000029cb8                nrf_ble_gatt_on_ble_evt
 .text.sd_ble_gatts_rw_authorize_reply
                0x0000000000029e68        0x4 Output/Release/Obj/ble_app_uart_pca10056_s140/nrf_ble_qwr.o
 .text.sd_ble_user_mem_reply
                0x0000000000029e6c        0x4 Output/Release/Obj/ble_app_uart_pca10056_s140/nrf_ble_qwr.o
 .text.user_mem_reply.part.0
                0x0000000000029e70       0x24 Output/Release/Obj/ble_app_uart_pca10056_s140/nrf_ble_qwr.o
 .text.nrf_ble_qwr_init
                0x0000000000029e94       0x24 Output/Release/Obj/ble_app_uart_pca10056_s140/nrf_ble_qwr.o
                0x0000000000029e94                nrf_ble_qwr_init
 .text.nrf_ble_qwr_conn_handle_assign
                0x0000000000029eb8       0x16 Output/Release/Obj/ble_app_uart_pca10056_s140/nrf_ble_qwr.o
                0x0000000000029eb8                nrf_ble_qwr_conn_handle_assign
 .text.nrf_ble_qwr_on_ble_evt
                0x0000000000029ece       0xa6 Output/Release/Obj/ble_app_uart_pca10056_s140/nrf_ble_qwr.o
                0x0000000000029ece                nrf_ble_qwr_on_ble_evt
 .text.sd_ble_gatts_service_add
                0x0000000000029f74        0x4 Output/Release/Obj/ble_app_uart_pca10056_s140/ble_nus.o
 .text.sd_ble_gatts_value_get
                0x0000000000029f78        0x4 Output/Release/Obj/ble_app_uart_pca10056_s140/ble_nus.o
 .text.sd_ble_gatts_hvx
                0x0000000000029f7c        0x4 Output/Release/Obj/ble_app_uart_pca10056_s140/ble_nus.o
 .text.sd_ble_uuid_vs_add
                0x0000000000029f80        0x4 Output/Release/Obj/ble_app_uart_pca10056_s140/ble_nus.o
 .text.ble_nus_on_ble_evt
                0x0000000000029f84      0x132 Output/Release/Obj/ble_app_uart_pca10056_s140/ble_nus.o
                0x0000000000029f84                ble_nus_on_ble_evt
 *fill*         0x000000000002a0b6        0x2 
 .text.ble_nus_init
                0x000000000002a0b8       0xf4 Output/Release/Obj/ble_app_uart_pca10056_s140/ble_nus.o
                0x000000000002a0b8                ble_nus_init
 .text.ble_nus_data_send
                0x000000000002a1ac       0x66 Output/Release/Obj/ble_app_uart_pca10056_s140/ble_nus.o
                0x000000000002a1ac                ble_nus_data_send
 .text.sd_softdevice_enable
                0x000000000002a212        0x4 Output/Release/Obj/ble_app_uart_pca10056_s140/nrf_sdh.o
 *fill*         0x000000000002a216        0x2 
 .text.sdh_request_observer_notify
                0x000000000002a218       0x30 Output/Release/Obj/ble_app_uart_pca10056_s140/nrf_sdh.o
 .text.sdh_state_observer_notify
                0x000000000002a248       0x28 Output/Release/Obj/ble_app_uart_pca10056_s140/nrf_sdh.o
 .text.softdevices_evt_irq_enable
                0x000000000002a270       0x38 Output/Release/Obj/ble_app_uart_pca10056_s140/nrf_sdh.o
 .text.nrf_sdh_enable_request
                0x000000000002a2a8       0x7c Output/Release/Obj/ble_app_uart_pca10056_s140/nrf_sdh.o
                0x000000000002a2a8                nrf_sdh_enable_request
 .text.nrf_sdh_is_enabled
                0x000000000002a324        0xc Output/Release/Obj/ble_app_uart_pca10056_s140/nrf_sdh.o
                0x000000000002a324                nrf_sdh_is_enabled
 .text.nrf_sdh_evts_poll
                0x000000000002a330       0x28 Output/Release/Obj/ble_app_uart_pca10056_s140/nrf_sdh.o
                0x000000000002a330                nrf_sdh_evts_poll
 .text.SWI2_EGU2_IRQHandler
                0x000000000002a358        0x4 Output/Release/Obj/ble_app_uart_pca10056_s140/nrf_sdh.o
                0x000000000002a358                SWI2_EGU2_IRQHandler
 .text.sd_ble_enable
                0x000000000002a35c        0x4 Output/Release/Obj/ble_app_uart_pca10056_s140/nrf_sdh_ble.o
 .text.sd_ble_cfg_set
                0x000000000002a360        0x4 Output/Release/Obj/ble_app_uart_pca10056_s140/nrf_sdh_ble.o
 .text.sd_ble_evt_get
                0x000000000002a364        0x4 Output/Release/Obj/ble_app_uart_pca10056_s140/nrf_sdh_ble.o
 .text.nrf_sdh_ble_evts_poll.part.0
                0x000000000002a368       0x54 Output/Release/Obj/ble_app_uart_pca10056_s140/nrf_sdh_ble.o
 .text.nrf_sdh_ble_evts_poll
                0x000000000002a3bc       0x10 Output/Release/Obj/ble_app_uart_pca10056_s140/nrf_sdh_ble.o
 .text.nrf_sdh_ble_default_cfg_set
                0x000000000002a3cc      0x1a0 Output/Release/Obj/ble_app_uart_pca10056_s140/nrf_sdh_ble.o
                0x000000000002a3cc                nrf_sdh_ble_default_cfg_set
 .text.nrf_sdh_ble_enable
                0x000000000002a56c       0x98 Output/Release/Obj/ble_app_uart_pca10056_s140/nrf_sdh_ble.o
                0x000000000002a56c                nrf_sdh_ble_enable
 .text.sd_evt_get
                0x000000000002a604        0x4 Output/Release/Obj/ble_app_uart_pca10056_s140/nrf_sdh_soc.o
 .text.nrf_sdh_soc_evts_poll
                0x000000000002a608       0x40 Output/Release/Obj/ble_app_uart_pca10056_s140/nrf_sdh_soc.o
 .text.libc.__int64_udivmod
                0x000000000002a648       0xce D:/SEGGER/lib/libc_v7em_fpv4_sp_d16_hard_t_le_eabi.a(libc_asm.o)
                0x000000000002a648                __aeabi_uldivmod
                0x000000000002a648                __int64_udiv
                0x000000000002a648                __udivdi3
                0x000000000002a648                __int64_udivmod
 *fill*         0x000000000002a716        0x2 
 .text.libc.__RAL_ascii_isctype
                0x000000000002a718       0x1c D:/SEGGER/lib/libc_v7em_fpv4_sp_d16_hard_t_le_eabi.a(libc2.o)
 .text.libc.__RAL_ascii_toupper
                0x000000000002a734        0xc D:/SEGGER/lib/libc_v7em_fpv4_sp_d16_hard_t_le_eabi.a(libc2.o)
 .text.libc.__RAL_ascii_tolower
                0x000000000002a740        0xc D:/SEGGER/lib/libc_v7em_fpv4_sp_d16_hard_t_le_eabi.a(libc2.o)
 .text.libc.__RAL_ascii_iswctype
                0x000000000002a74c       0x1c D:/SEGGER/lib/libc_v7em_fpv4_sp_d16_hard_t_le_eabi.a(libc2.o)
 .text.libc.__RAL_ascii_towupper
                0x000000000002a768        0xc D:/SEGGER/lib/libc_v7em_fpv4_sp_d16_hard_t_le_eabi.a(libc2.o)
 .text.libc.__RAL_ascii_towlower
                0x000000000002a774        0xc D:/SEGGER/lib/libc_v7em_fpv4_sp_d16_hard_t_le_eabi.a(libc2.o)
 .text.libc.__RAL_ascii_wctomb
                0x000000000002a780        0xe D:/SEGGER/lib/libc_v7em_fpv4_sp_d16_hard_t_le_eabi.a(libc2.o)
                0x000000000002a780                __RAL_ascii_wctomb
 .text.libc.__RAL_ascii_mbtowc
                0x000000000002a78e       0x24 D:/SEGGER/lib/libc_v7em_fpv4_sp_d16_hard_t_le_eabi.a(libc2.o)
                0x000000000002a78e                __RAL_ascii_mbtowc
 .text.libc.__putc
                0x000000000002a7b2       0x36 D:/SEGGER/lib/libc_v7em_fpv4_sp_d16_hard_t_le_eabi.a(libc2.o)
                0x000000000002a7b2                __putc
 .text.libc.__RAL_print_padding
                0x000000000002a7e8       0x1c D:/SEGGER/lib/libc_v7em_fpv4_sp_d16_hard_t_le_eabi.a(libc2.o)
                0x000000000002a7e8                __RAL_print_padding
 .text.libc.__RAL_pre_padding
                0x000000000002a804       0x1a D:/SEGGER/lib/libc_v7em_fpv4_sp_d16_hard_t_le_eabi.a(libc2.o)
                0x000000000002a804                __RAL_pre_padding
 *fill*         0x000000000002a81e        0x2 
 .text.libc.__RAL_isctype
                0x000000000002a820       0x14 D:/SEGGER/lib/libc_v7em_fpv4_sp_d16_hard_t_le_eabi.a(libc2.o)
                0x000000000002a820                __RAL_isctype
 .text.libc.isprint
                0x000000000002a834        0xa D:/SEGGER/lib/libc_v7em_fpv4_sp_d16_hard_t_le_eabi.a(libc2.o)
                0x000000000002a834                isprint
 .text.libc.sprintf
                0x000000000002a83e       0x2a D:/SEGGER/lib/libc_v7em_fpv4_sp_d16_hard_t_le_eabi.a(libc2.o)
                0x000000000002a83e                sprintf
 .text.libc.strnlen
                0x000000000002a868       0x22 D:/SEGGER/lib/libc_v7em_fpv4_sp_d16_hard_t_le_eabi.a(libc2.o)
                0x000000000002a868                strnlen
 .text.libc.memcpy
                0x000000000002a88a       0x52 D:/SEGGER/lib/libc_v7em_fpv4_sp_d16_hard_t_le_eabi.a(libc2_asm.o)
                0x000000000002a88a                __aeabi_memcpy
                0x000000000002a88a                memcpy
                0x000000000002a896                __aeabi_memcpy8
                0x000000000002a896                __aeabi_memcpy4
 .text.libc.memset
                0x000000000002a8dc       0x66 D:/SEGGER/lib/libc_v7em_fpv4_sp_d16_hard_t_le_eabi.a(libc2_asm.o)
                0x000000000002a8dc                memset
 .text.libc.strcpy
                0x000000000002a942       0x44 D:/SEGGER/lib/libc_v7em_fpv4_sp_d16_hard_t_le_eabi.a(libc2_asm.o)
                0x000000000002a942                strcpy
 .text.libc.strlen
                0x000000000002a986       0x60 D:/SEGGER/lib/libc_v7em_fpv4_sp_d16_hard_t_le_eabi.a(libc2_asm.o)
                0x000000000002a986                strlen
 *fill*         0x000000000002a9e6        0x2 
 .text.libc.__vfprintf_long
                0x000000000002a9e8      0x638 D:/SEGGER/lib/libc_v7em_fpv4_sp_d16_hard_t_le_eabi.a(libvfprintf.o)
                0x000000000002a9e8                __vfprintf_long
                0x000000000002b020                __text_end__ = (__text_start__ + SIZEOF (.text))
                0x0000000000004c4c                __text_size__ = SIZEOF (.text)
                0x000000000002b020                __text_load_end__ = __text_end__

.vfp11_veneer   0x0000000100000000        0x0
 .vfp11_veneer  0x0000000100000000        0x0 linker stubs

.v4_bx          0x0000000100000000        0x0
 .v4_bx         0x0000000100000000        0x0 linker stubs

.iplt           0x0000000100000000        0x0
 .iplt          0x0000000100000000        0x0 Output/Release/Obj/ble_app_uart_pca10056_s140/thumb_crt0.o
                0x0000000000000001                . = ASSERT (((__text_start__ == __text_end__) || ((__text_end__ - __FLASH_segment_start__) <= __FLASH_segment_size__)), error: .text is too large to fit in FLASH memory segment)
                0x000000000002b020                __sdh_soc_observers_load_start__ = ALIGN (__text_end__, 0x4)

.sdh_soc_observers
                0x000000000002b020       0x10
                0x000000000002b020                __sdh_soc_observers_start__ = .
                0x000000000002b020                __start_sdh_soc_observers = __sdh_soc_observers_start__
 *(SORT_BY_NAME(.sdh_soc_observers*))
 .sdh_soc_observers0
                0x000000000002b020        0x8 Output/Release/Obj/ble_app_uart_pca10056_s140/nrf_drv_clock.o
 .sdh_soc_observers1
                0x000000000002b028        0x8 Output/Release/Obj/ble_app_uart_pca10056_s140/main.o
                0x000000000002b030                __sdh_soc_observers_end__ = (__sdh_soc_observers_start__ + SIZEOF (.sdh_soc_observers))
                0x0000000000000010                __sdh_soc_observers_size__ = SIZEOF (.sdh_soc_observers)
                0x000000000002b030                __stop_sdh_soc_observers = __sdh_soc_observers_end__
                0x000000000002b030                __sdh_soc_observers_load_end__ = __sdh_soc_observers_end__
                0x0000000000000001                . = ASSERT (((__sdh_soc_observers_start__ == __sdh_soc_observers_end__) || ((__sdh_soc_observers_end__ - __FLASH_segment_start__) <= __FLASH_segment_size__)), error: .sdh_soc_observers is too large to fit in FLASH memory segment)
                0x000000000002b030                __sdh_ble_observers_load_start__ = ALIGN (__sdh_soc_observers_end__, 0x4)

.sdh_ble_observers
                0x000000000002b030       0x40
                0x000000000002b030                __sdh_ble_observers_start__ = .
                0x000000000002b030                __start_sdh_ble_observers = __sdh_ble_observers_start__
 *(SORT_BY_NAME(.sdh_ble_observers*))
 .sdh_ble_observers0
                0x000000000002b030        0x8 Output/Release/Obj/ble_app_uart_pca10056_s140/ble_conn_state.o
 .sdh_ble_observers1
                0x000000000002b038        0x8 Output/Release/Obj/ble_app_uart_pca10056_s140/bsp_btn_ble.o
 .sdh_ble_observers1
                0x000000000002b040       0x10 Output/Release/Obj/ble_app_uart_pca10056_s140/main.o
 .sdh_ble_observers1
                0x000000000002b050        0x8 Output/Release/Obj/ble_app_uart_pca10056_s140/ble_conn_params.o
 .sdh_ble_observers2
                0x000000000002b058       0x10 Output/Release/Obj/ble_app_uart_pca10056_s140/main.o
 .sdh_ble_observers3
                0x000000000002b068        0x8 Output/Release/Obj/ble_app_uart_pca10056_s140/main.o
                0x000000000002b070                __sdh_ble_observers_end__ = (__sdh_ble_observers_start__ + SIZEOF (.sdh_ble_observers))
                0x0000000000000040                __sdh_ble_observers_size__ = SIZEOF (.sdh_ble_observers)
                0x000000000002b070                __stop_sdh_ble_observers = __sdh_ble_observers_end__
                0x000000000002b070                __sdh_ble_observers_load_end__ = __sdh_ble_observers_end__
                0x0000000000000001                . = ASSERT (((__sdh_ble_observers_start__ == __sdh_ble_observers_end__) || ((__sdh_ble_observers_end__ - __FLASH_segment_start__) <= __FLASH_segment_size__)), error: .sdh_ble_observers is too large to fit in FLASH memory segment)
                0x000000000002b070                __pwr_mgmt_data_load_start__ = ALIGN (__sdh_ble_observers_end__, 0x4)

.pwr_mgmt_data  0x000000000002b070        0x0
                0x000000000002b070                __pwr_mgmt_data_start__ = .
                0x000000000002b070                __start_pwr_mgmt_data = __pwr_mgmt_data_start__
 *(SORT_BY_NAME(.pwr_mgmt_data*))
                0x000000000002b070                __pwr_mgmt_data_end__ = (__pwr_mgmt_data_start__ + SIZEOF (.pwr_mgmt_data))
                0x0000000000000000                __pwr_mgmt_data_size__ = SIZEOF (.pwr_mgmt_data)
                0x000000000002b070                __stop_pwr_mgmt_data = __pwr_mgmt_data_end__
                0x000000000002b070                __pwr_mgmt_data_load_end__ = __pwr_mgmt_data_end__
                0x0000000000000001                . = ASSERT (((__pwr_mgmt_data_start__ == __pwr_mgmt_data_end__) || ((__pwr_mgmt_data_end__ - __FLASH_segment_start__) <= __FLASH_segment_size__)), error: .pwr_mgmt_data is too large to fit in FLASH memory segment)
                0x000000000002b070                __sdh_stack_observers_load_start__ = ALIGN (__pwr_mgmt_data_end__, 0x4)

.sdh_stack_observers
                0x000000000002b070       0x10
                0x000000000002b070                __sdh_stack_observers_start__ = .
                0x000000000002b070                __start_sdh_stack_observers = __sdh_stack_observers_start__
 *(SORT_BY_NAME(.sdh_stack_observers*))
 .sdh_stack_observers0
                0x000000000002b070        0x8 Output/Release/Obj/ble_app_uart_pca10056_s140/nrf_sdh_ble.o
 .sdh_stack_observers0
                0x000000000002b078        0x8 Output/Release/Obj/ble_app_uart_pca10056_s140/nrf_sdh_soc.o
                0x000000000002b080                __sdh_stack_observers_end__ = (__sdh_stack_observers_start__ + SIZEOF (.sdh_stack_observers))
                0x0000000000000010                __sdh_stack_observers_size__ = SIZEOF (.sdh_stack_observers)
                0x000000000002b080                __stop_sdh_stack_observers = __sdh_stack_observers_end__
                0x000000000002b080                __sdh_stack_observers_load_end__ = __sdh_stack_observers_end__
                0x0000000000000001                . = ASSERT (((__sdh_stack_observers_start__ == __sdh_stack_observers_end__) || ((__sdh_stack_observers_end__ - __FLASH_segment_start__) <= __FLASH_segment_size__)), error: .sdh_stack_observers is too large to fit in FLASH memory segment)
                0x000000000002b080                __sdh_req_observers_load_start__ = ALIGN (__sdh_stack_observers_end__, 0x4)

.sdh_req_observers
                0x000000000002b080        0x0
                0x000000000002b080                __sdh_req_observers_start__ = .
                0x000000000002b080                __start_sdh_req_observers = __sdh_req_observers_start__
 *(SORT_BY_NAME(.sdh_req_observers*))
                0x000000000002b080                __sdh_req_observers_end__ = (__sdh_req_observers_start__ + SIZEOF (.sdh_req_observers))
                0x0000000000000000                __sdh_req_observers_size__ = SIZEOF (.sdh_req_observers)
                0x000000000002b080                __stop_sdh_req_observers = __sdh_req_observers_end__
                0x000000000002b080                __sdh_req_observers_load_end__ = __sdh_req_observers_end__
                0x0000000000000001                . = ASSERT (((__sdh_req_observers_start__ == __sdh_req_observers_end__) || ((__sdh_req_observers_end__ - __FLASH_segment_start__) <= __FLASH_segment_size__)), error: .sdh_req_observers is too large to fit in FLASH memory segment)
                0x000000000002b080                __sdh_state_observers_load_start__ = ALIGN (__sdh_req_observers_end__, 0x4)

.sdh_state_observers
                0x000000000002b080        0x8
                0x000000000002b080                __sdh_state_observers_start__ = .
                0x000000000002b080                __start_sdh_state_observers = __sdh_state_observers_start__
 *(SORT_BY_NAME(.sdh_state_observers*))
 .sdh_state_observers0
                0x000000000002b080        0x8 Output/Release/Obj/ble_app_uart_pca10056_s140/nrf_drv_clock.o
                0x000000000002b088                __sdh_state_observers_end__ = (__sdh_state_observers_start__ + SIZEOF (.sdh_state_observers))
                0x0000000000000008                __sdh_state_observers_size__ = SIZEOF (.sdh_state_observers)
                0x000000000002b088                __stop_sdh_state_observers = __sdh_state_observers_end__
                0x000000000002b088                __sdh_state_observers_load_end__ = __sdh_state_observers_end__
                0x0000000000000001                . = ASSERT (((__sdh_state_observers_start__ == __sdh_state_observers_end__) || ((__sdh_state_observers_end__ - __FLASH_segment_start__) <= __FLASH_segment_size__)), error: .sdh_state_observers is too large to fit in FLASH memory segment)
                0x000000000002b088                __nrf_queue_load_start__ = ALIGN (__sdh_state_observers_end__, 0x4)

.nrf_queue      0x000000000002b088        0x0
                0x000000000002b088                __nrf_queue_start__ = .
                0x000000000002b088                __start_nrf_queue = __nrf_queue_start__
 *(.nrf_queue*)
                0x000000000002b088                __nrf_queue_end__ = (__nrf_queue_start__ + SIZEOF (.nrf_queue))
                0x0000000000000000                __nrf_queue_size__ = SIZEOF (.nrf_queue)
                0x000000000002b088                __stop_nrf_queue = __nrf_queue_end__
                0x000000000002b088                __nrf_queue_load_end__ = __nrf_queue_end__
                0x0000000000000001                . = ASSERT (((__nrf_queue_start__ == __nrf_queue_end__) || ((__nrf_queue_end__ - __FLASH_segment_start__) <= __FLASH_segment_size__)), error: .nrf_queue is too large to fit in FLASH memory segment)
                0x000000000002b088                __nrf_balloc_load_start__ = ALIGN (__nrf_queue_end__, 0x4)

.nrf_balloc     0x000000000002b088       0x14
                0x000000000002b088                __nrf_balloc_start__ = .
                0x000000000002b088                __start_nrf_balloc = __nrf_balloc_start__
 *(.nrf_balloc*)
 .nrf_balloc    0x000000000002b088       0x14 Output/Release/Obj/ble_app_uart_pca10056_s140/nrf_log_frontend.o
                0x000000000002b088                log_mempool
                0x000000000002b09c                __nrf_balloc_end__ = (__nrf_balloc_start__ + SIZEOF (.nrf_balloc))
                0x0000000000000014                __nrf_balloc_size__ = SIZEOF (.nrf_balloc)
                0x000000000002b09c                __stop_nrf_balloc = __nrf_balloc_end__
                0x000000000002b09c                __nrf_balloc_load_end__ = __nrf_balloc_end__
                0x0000000000000001                . = ASSERT (((__nrf_balloc_start__ == __nrf_balloc_end__) || ((__nrf_balloc_end__ - __FLASH_segment_start__) <= __FLASH_segment_size__)), error: .nrf_balloc is too large to fit in FLASH memory segment)
                0x000000000002b09c                __cli_command_load_start__ = ALIGN (__nrf_balloc_end__, 0x4)

.cli_command    0x000000000002b09c        0x0
                0x000000000002b09c                __cli_command_start__ = .
                0x000000000002b09c                __start_cli_command = __cli_command_start__
 *(.cli_command*)
                0x000000000002b09c                __cli_command_end__ = (__cli_command_start__ + SIZEOF (.cli_command))
                0x0000000000000000                __cli_command_size__ = SIZEOF (.cli_command)
                0x000000000002b09c                __stop_cli_command = __cli_command_end__
                0x000000000002b09c                __cli_command_load_end__ = __cli_command_end__
                0x0000000000000001                . = ASSERT (((__cli_command_start__ == __cli_command_end__) || ((__cli_command_end__ - __FLASH_segment_start__) <= __FLASH_segment_size__)), error: .cli_command is too large to fit in FLASH memory segment)
                0x000000000002b09c                __crypto_data_load_start__ = ALIGN (__cli_command_end__, 0x4)

.crypto_data    0x000000000002b09c        0x0
                0x000000000002b09c                __crypto_data_start__ = .
                0x000000000002b09c                __start_crypto_data = __crypto_data_start__
 *(SORT_BY_NAME(.crypto_data*))
                0x000000000002b09c                __crypto_data_end__ = (__crypto_data_start__ + SIZEOF (.crypto_data))
                0x0000000000000000                __crypto_data_size__ = SIZEOF (.crypto_data)
                0x000000000002b09c                __stop_crypto_data = __crypto_data_end__
                0x000000000002b09c                __crypto_data_load_end__ = __crypto_data_end__
                0x0000000000000001                . = ASSERT (((__crypto_data_start__ == __crypto_data_end__) || ((__crypto_data_end__ - __FLASH_segment_start__) <= __FLASH_segment_size__)), error: .crypto_data is too large to fit in FLASH memory segment)
                0x000000000002b09c                __log_const_data_load_start__ = ALIGN (__crypto_data_end__, 0x4)

.log_const_data
                0x000000000002b09c       0x70
                0x000000000002b09c                __log_const_data_start__ = .
                0x000000000002b09c                __start_log_const_data = __log_const_data_start__
 *(SORT_BY_NAME(.log_const_data*))
 .log_const_data_CLOCK
                0x000000000002b09c        0x8 Output/Release/Obj/ble_app_uart_pca10056_s140/nrfx_clock.o
                0x000000000002b09c                m_nrf_log_CLOCK_logs_data_const
 .log_const_data_GPIOTE
                0x000000000002b0a4        0x8 Output/Release/Obj/ble_app_uart_pca10056_s140/nrfx_gpiote.o
                0x000000000002b0a4                m_nrf_log_GPIOTE_logs_data_const
 .log_const_data_PDM
                0x000000000002b0ac        0x8 Output/Release/Obj/ble_app_uart_pca10056_s140/nrfx_pdm.o
                0x000000000002b0ac                m_nrf_log_PDM_logs_data_const
 .log_const_data_PRS
                0x000000000002b0b4        0x8 Output/Release/Obj/ble_app_uart_pca10056_s140/nrfx_prs.o
                0x000000000002b0b4                m_nrf_log_PRS_logs_data_const
 .log_const_data_UART
                0x000000000002b0bc        0x8 Output/Release/Obj/ble_app_uart_pca10056_s140/nrfx_uart.o
                0x000000000002b0bc                m_nrf_log_UART_logs_data_const
 .log_const_data_UARTE
                0x000000000002b0c4        0x8 Output/Release/Obj/ble_app_uart_pca10056_s140/nrfx_uarte.o
                0x000000000002b0c4                m_nrf_log_UARTE_logs_data_const
 .log_const_data_app
                0x000000000002b0cc        0x8 Output/Release/Obj/ble_app_uart_pca10056_s140/nrf_log_frontend.o
                0x000000000002b0cc                m_nrf_log_app_logs_data_const
 .log_const_data_ble_nus
                0x000000000002b0d4        0x8 Output/Release/Obj/ble_app_uart_pca10056_s140/ble_nus.o
                0x000000000002b0d4                m_nrf_log_ble_nus_logs_data_const
 .log_const_data_clock
                0x000000000002b0dc        0x8 Output/Release/Obj/ble_app_uart_pca10056_s140/nrf_drv_clock.o
                0x000000000002b0dc                m_nrf_log_clock_logs_data_const
 .log_const_data_nrf_ble_gatt
                0x000000000002b0e4        0x8 Output/Release/Obj/ble_app_uart_pca10056_s140/nrf_ble_gatt.o
                0x000000000002b0e4                m_nrf_log_nrf_ble_gatt_logs_data_const
 .log_const_data_nrf_sdh
                0x000000000002b0ec        0x8 Output/Release/Obj/ble_app_uart_pca10056_s140/nrf_sdh.o
                0x000000000002b0ec                m_nrf_log_nrf_sdh_logs_data_const
 .log_const_data_nrf_sdh_ble
                0x000000000002b0f4        0x8 Output/Release/Obj/ble_app_uart_pca10056_s140/nrf_sdh_ble.o
                0x000000000002b0f4                m_nrf_log_nrf_sdh_ble_logs_data_const
 .log_const_data_nrf_sdh_soc
                0x000000000002b0fc        0x8 Output/Release/Obj/ble_app_uart_pca10056_s140/nrf_sdh_soc.o
                0x000000000002b0fc                m_nrf_log_nrf_sdh_soc_logs_data_const
 .log_const_data_pwr_mgmt
                0x000000000002b104        0x8 Output/Release/Obj/ble_app_uart_pca10056_s140/nrf_pwr_mgmt.o
                0x000000000002b104                m_nrf_log_pwr_mgmt_logs_data_const
                0x000000000002b10c                __log_const_data_end__ = (__log_const_data_start__ + SIZEOF (.log_const_data))
                0x0000000000000070                __log_const_data_size__ = SIZEOF (.log_const_data)
                0x000000000002b10c                __stop_log_const_data = __log_const_data_end__
                0x000000000002b10c                __log_const_data_load_end__ = __log_const_data_end__
                0x0000000000000001                . = ASSERT (((__log_const_data_start__ == __log_const_data_end__) || ((__log_const_data_end__ - __FLASH_segment_start__) <= __FLASH_segment_size__)), error: .log_const_data is too large to fit in FLASH memory segment)
                0x000000000002b10c                __log_backends_load_start__ = ALIGN (__log_const_data_end__, 0x4)

.log_backends   0x000000000002b10c       0x10
                0x000000000002b10c                __log_backends_start__ = .
                0x000000000002b10c                __start_log_backends = __log_backends_start__
 *(SORT_BY_NAME(.log_backends*))
 .log_backends  0x000000000002b10c       0x10 Output/Release/Obj/ble_app_uart_pca10056_s140/nrf_log_default_backends.o
                0x000000000002b11c                __log_backends_end__ = (__log_backends_start__ + SIZEOF (.log_backends))
                0x0000000000000010                __log_backends_size__ = SIZEOF (.log_backends)
                0x000000000002b11c                __stop_log_backends = __log_backends_end__
                0x000000000002b11c                __log_backends_load_end__ = __log_backends_end__
                0x0000000000000001                . = ASSERT (((__log_backends_start__ == __log_backends_end__) || ((__log_backends_end__ - __FLASH_segment_start__) <= __FLASH_segment_size__)), error: .log_backends is too large to fit in FLASH memory segment)
                0x000000000002b11c                __nrf_sections_load_start__ = ALIGN (__log_backends_end__, 0x4)

.nrf_sections   0x000000000002b11c        0x0
                0x000000000002b11c                __nrf_sections_start__ = .
                0x000000000002b11c                __start_nrf_sections = __nrf_sections_start__
 *(.nrf_sections .nrf_sections.*)
                0x000000000002b11c                __nrf_sections_end__ = (__nrf_sections_start__ + SIZEOF (.nrf_sections))
                0x0000000000000000                __nrf_sections_size__ = SIZEOF (.nrf_sections)
                0x000000000002b11c                __nrf_sections_load_end__ = __nrf_sections_end__
                0x0000000000000001                . = ASSERT (((__nrf_sections_start__ == __nrf_sections_end__) || ((__nrf_sections_end__ - __FLASH_segment_start__) <= __FLASH_segment_size__)), error: .nrf_sections is too large to fit in FLASH memory segment)
                0x000000000002b11c                __cli_sorted_cmd_ptrs_load_start__ = ALIGN (__nrf_sections_end__, 0x4)

.cli_sorted_cmd_ptrs
                0x0000000020002a98        0x0 load address 0x000000000002b11c
                0x0000000020002a98                __cli_sorted_cmd_ptrs_start__ = .
 *(.cli_sorted_cmd_ptrs*)
                0x0000000020002a98                __cli_sorted_cmd_ptrs_end__ = (__cli_sorted_cmd_ptrs_start__ + SIZEOF (.cli_sorted_cmd_ptrs))
                0x0000000000000000                __cli_sorted_cmd_ptrs_size__ = SIZEOF (.cli_sorted_cmd_ptrs)
                0x000000000002b11c                __cli_sorted_cmd_ptrs_load_end__ = (__cli_sorted_cmd_ptrs_load_start__ + SIZEOF (.cli_sorted_cmd_ptrs))
                0x0000000000000001                . = ASSERT (((__cli_sorted_cmd_ptrs_load_start__ == __cli_sorted_cmd_ptrs_load_end__) || ((__cli_sorted_cmd_ptrs_load_end__ - __FLASH_segment_start__) <= __FLASH_segment_size__)), error: .cli_sorted_cmd_ptrs is too large to fit in FLASH memory segment)

.cli_sorted_cmd_ptrs_run
                0x0000000020002a98        0x0
                0x0000000020002a98                __cli_sorted_cmd_ptrs_run_start__ = .
                0x0000000020002a98                __start_cli_sorted_cmd_ptrs = __cli_sorted_cmd_ptrs_run_start__
                0x0000000020002a98                __cli_sorted_cmd_ptrs_run_end__ = (__cli_sorted_cmd_ptrs_run_start__ + SIZEOF (.cli_sorted_cmd_ptrs))
                0x0000000000000000                __cli_sorted_cmd_ptrs_run_size__ = (__cli_sorted_cmd_ptrs_run_end__ - __cli_sorted_cmd_ptrs_run_start__)
                0x0000000020002a98                __stop_cli_sorted_cmd_ptrs = __cli_sorted_cmd_ptrs_run_end__
                0x0000000020002a98                __cli_sorted_cmd_ptrs_run_load_end__ = __cli_sorted_cmd_ptrs_run_end__
                0x0000000000000001                . = ASSERT (((__cli_sorted_cmd_ptrs_run_start__ == __cli_sorted_cmd_ptrs_run_end__) || ((__cli_sorted_cmd_ptrs_run_end__ - __RAM_segment_start__) <= __RAM_segment_size__)), error: .cli_sorted_cmd_ptrs_run is too large to fit in RAM memory segment)
                0x000000000002b11c                __fs_data_load_start__ = ALIGN ((__cli_sorted_cmd_ptrs_load_start__ + SIZEOF (.cli_sorted_cmd_ptrs)), 0x4)

.fs_data        0x0000000020002a98        0x0 load address 0x000000000002b11c
                0x0000000020002a98                __fs_data_start__ = .
 *(.fs_data*)
                0x0000000020002a98                __fs_data_end__ = (__fs_data_start__ + SIZEOF (.fs_data))
                0x0000000000000000                __fs_data_size__ = SIZEOF (.fs_data)
                0x000000000002b11c                __fs_data_load_end__ = (__fs_data_load_start__ + SIZEOF (.fs_data))
                0x0000000000000001                . = ASSERT (((__fs_data_load_start__ == __fs_data_load_end__) || ((__fs_data_load_end__ - __FLASH_segment_start__) <= __FLASH_segment_size__)), error: .fs_data is too large to fit in FLASH memory segment)

.fs_data_run    0x0000000020002a98        0x0
                0x0000000020002a98                __fs_data_run_start__ = .
                0x0000000020002a98                __start_fs_data = __fs_data_run_start__
                0x0000000020002a98                __fs_data_run_end__ = (__fs_data_run_start__ + SIZEOF (.fs_data))
                0x0000000000000000                __fs_data_run_size__ = (__fs_data_run_end__ - __fs_data_run_start__)
                0x0000000020002a98                __stop_fs_data = __fs_data_run_end__
                0x0000000020002a98                __fs_data_run_load_end__ = __fs_data_run_end__
                0x0000000000000001                . = ASSERT (((__fs_data_run_start__ == __fs_data_run_end__) || ((__fs_data_run_end__ - __RAM_segment_start__) <= __RAM_segment_size__)), error: .fs_data_run is too large to fit in RAM memory segment)
                0x000000000002b11c                __log_dynamic_data_load_start__ = ALIGN ((__fs_data_load_start__ + SIZEOF (.fs_data)), 0x4)

.log_dynamic_data
                0x0000000020002a98        0x0 load address 0x000000000002b11c
                0x0000000020002a98                __log_dynamic_data_start__ = .
 *(SORT_BY_NAME(.log_dynamic_data*))
                0x0000000020002a98                __log_dynamic_data_end__ = (__log_dynamic_data_start__ + SIZEOF (.log_dynamic_data))
                0x0000000000000000                __log_dynamic_data_size__ = SIZEOF (.log_dynamic_data)
                0x000000000002b11c                __log_dynamic_data_load_end__ = (__log_dynamic_data_load_start__ + SIZEOF (.log_dynamic_data))
                0x0000000000000001                . = ASSERT (((__log_dynamic_data_load_start__ == __log_dynamic_data_load_end__) || ((__log_dynamic_data_load_end__ - __FLASH_segment_start__) <= __FLASH_segment_size__)), error: .log_dynamic_data is too large to fit in FLASH memory segment)

.log_dynamic_data_run
                0x0000000020002a98        0x0
                0x0000000020002a98                __log_dynamic_data_run_start__ = .
                0x0000000020002a98                __start_log_dynamic_data = __log_dynamic_data_run_start__
                0x0000000020002a98                __log_dynamic_data_run_end__ = (__log_dynamic_data_run_start__ + SIZEOF (.log_dynamic_data))
                0x0000000000000000                __log_dynamic_data_run_size__ = (__log_dynamic_data_run_end__ - __log_dynamic_data_run_start__)
                0x0000000020002a98                __stop_log_dynamic_data = __log_dynamic_data_run_end__
                0x0000000020002a98                __log_dynamic_data_run_load_end__ = __log_dynamic_data_run_end__
                0x0000000000000001                . = ASSERT (((__log_dynamic_data_run_start__ == __log_dynamic_data_run_end__) || ((__log_dynamic_data_run_end__ - __RAM_segment_start__) <= __RAM_segment_size__)), error: .log_dynamic_data_run is too large to fit in RAM memory segment)
                0x000000000002b11c                __log_filter_data_load_start__ = ALIGN ((__log_dynamic_data_load_start__ + SIZEOF (.log_dynamic_data)), 0x4)

.log_filter_data
                0x0000000020002a98        0x0 load address 0x000000000002b11c
                0x0000000020002a98                __log_filter_data_start__ = .
 *(SORT_BY_NAME(.log_filter_data*))
                0x0000000020002a98                __log_filter_data_end__ = (__log_filter_data_start__ + SIZEOF (.log_filter_data))
                0x0000000000000000                __log_filter_data_size__ = SIZEOF (.log_filter_data)
                0x000000000002b11c                __log_filter_data_load_end__ = (__log_filter_data_load_start__ + SIZEOF (.log_filter_data))
                0x0000000000000001                . = ASSERT (((__log_filter_data_load_start__ == __log_filter_data_load_end__) || ((__log_filter_data_load_end__ - __FLASH_segment_start__) <= __FLASH_segment_size__)), error: .log_filter_data is too large to fit in FLASH memory segment)

.log_filter_data_run
                0x0000000020002a98        0x0
                0x0000000020002a98                __log_filter_data_run_start__ = .
                0x0000000020002a98                __start_log_filter_data = __log_filter_data_run_start__
                0x0000000020002a98                __log_filter_data_run_end__ = (__log_filter_data_run_start__ + SIZEOF (.log_filter_data))
                0x0000000000000000                __log_filter_data_run_size__ = (__log_filter_data_run_end__ - __log_filter_data_run_start__)
                0x0000000020002a98                __stop_log_filter_data = __log_filter_data_run_end__
                0x0000000020002a98                __log_filter_data_run_load_end__ = __log_filter_data_run_end__
                0x0000000000000001                . = ASSERT (((__log_filter_data_run_start__ == __log_filter_data_run_end__) || ((__log_filter_data_run_end__ - __RAM_segment_start__) <= __RAM_segment_size__)), error: .log_filter_data_run is too large to fit in RAM memory segment)
                0x0000000020002a98                __nrf_sections_run_end_load_start__ = ALIGN (__log_filter_data_run_end__, 0x4)

.nrf_sections_run_end
                0x0000000020002a98        0x0
                0x0000000020002a98                __nrf_sections_run_end_start__ = .
                0x0000000020002a98                __end_nrf_sections_run = __nrf_sections_run_end_start__
 *(.nrf_sections_run_end .nrf_sections_run_end.*)
                0x0000000020002a98                __nrf_sections_run_end_end__ = (__nrf_sections_run_end_start__ + SIZEOF (.nrf_sections_run_end))
                0x0000000000000000                __nrf_sections_run_end_size__ = SIZEOF (.nrf_sections_run_end)
                0x0000000020002a98                __nrf_sections_run_end_load_end__ = __nrf_sections_run_end_end__
                0x0000000000000001                . = ASSERT (((__nrf_sections_run_end_start__ == __nrf_sections_run_end_end__) || ((__nrf_sections_run_end_end__ - __RAM_segment_start__) <= __RAM_segment_size__)), error: .nrf_sections_run_end is too large to fit in RAM memory segment)
                0x000000000002b11c                __dtors_load_start__ = ALIGN ((__log_filter_data_load_start__ + SIZEOF (.log_filter_data)), 0x4)

.dtors          0x000000000002b11c        0x0
                0x000000000002b11c                __dtors_start__ = .
 *(SORT_BY_NAME(.dtors.*))
 *(.dtors)
 *(.fini_array)
 *(SORT_BY_NAME(.fini_array.*))
                0x000000000002b11c                __dtors_end__ = (__dtors_start__ + SIZEOF (.dtors))
                0x0000000000000000                __dtors_size__ = SIZEOF (.dtors)
                0x000000000002b11c                __dtors_load_end__ = __dtors_end__
                0x0000000000000001                . = ASSERT (((__dtors_start__ == __dtors_end__) || ((__dtors_end__ - __FLASH_segment_start__) <= __FLASH_segment_size__)), error: .dtors is too large to fit in FLASH memory segment)
                0x000000000002b11c                __ctors_load_start__ = ALIGN (__dtors_end__, 0x4)

.ctors          0x000000000002b11c        0x0
                0x000000000002b11c                __ctors_start__ = .
 *(SORT_BY_NAME(.ctors.*))
 *(.ctors)
 *(.init_array)
 *(SORT_BY_NAME(.init_array.*))
                0x000000000002b11c                __ctors_end__ = (__ctors_start__ + SIZEOF (.ctors))
                0x0000000000000000                __ctors_size__ = SIZEOF (.ctors)
                0x000000000002b11c                __ctors_load_end__ = __ctors_end__
                0x0000000000000001                . = ASSERT (((__ctors_start__ == __ctors_end__) || ((__ctors_end__ - __FLASH_segment_start__) <= __FLASH_segment_size__)), error: .ctors is too large to fit in FLASH memory segment)
                0x000000000002b11c                __rodata_load_start__ = ALIGN (__ctors_end__, 0x4)

.rodata         0x000000000002b11c      0xe0b
                0x000000000002b11c                __rodata_start__ = .
 *(.rodata .rodata.* .gnu.linkonce.r.*)
 *fill*         0x000000000002b11c        0x4 
 .rodata.delay_bytecode.0
                0x000000000002b120        0x6 Output/Release/Obj/ble_app_uart_pca10056_s140/nrf_log_backend_rtt.o
 *fill*         0x000000000002b126        0x2 
 .rodata.nrf_log_backend_rtt_api
                0x000000000002b128        0xc Output/Release/Obj/ble_app_uart_pca10056_s140/nrf_log_backend_rtt.o
                0x000000000002b128                nrf_log_backend_rtt_api
 .rodata.str1.1
                0x000000000002b134       0x10 Output/Release/Obj/ble_app_uart_pca10056_s140/nrf_log_default_backends.o
 .rodata.nrf_log_frontend_dequeue.str1.1
                0x000000000002b144       0x11 Output/Release/Obj/ble_app_uart_pca10056_s140/nrf_log_frontend.o
 .rodata.str1.1
                0x000000000002b155        0x4 Output/Release/Obj/ble_app_uart_pca10056_s140/nrf_log_frontend.o
 *fill*         0x000000000002b159        0x3 
 .rodata.m_log_push_ringbuf
                0x000000000002b15c        0xc Output/Release/Obj/ble_app_uart_pca10056_s140/nrf_log_frontend.o
 .rodata.prefix_process.str1.1
                0x000000000002b168       0x2f Output/Release/Obj/ble_app_uart_pca10056_s140/nrf_log_str_formatter.o
                                         0x32 (size before relaxing)
 .rodata.postfix_process.str1.1
                0x000000000002b197       0x2f Output/Release/Obj/ble_app_uart_pca10056_s140/nrf_log_str_formatter.o
                                          0x3 (size before relaxing)
 .rodata.nrf_log_hexdump_entry_process.str1.1
                0x000000000002b197        0xf Output/Release/Obj/ble_app_uart_pca10056_s140/nrf_log_str_formatter.o
                                         0x11 (size before relaxing)
 .rodata.str1.1
                0x000000000002b1a6       0x4b Output/Release/Obj/ble_app_uart_pca10056_s140/nrf_log_str_formatter.o
                                         0x51 (size before relaxing)
 *fill*         0x000000000002b1f1        0x3 
 .rodata.m_colors
                0x000000000002b1f4       0x24 Output/Release/Obj/ble_app_uart_pca10056_s140/nrf_log_str_formatter.o
 .rodata.severity_names
                0x000000000002b218       0x14 Output/Release/Obj/ble_app_uart_pca10056_s140/nrf_log_str_formatter.o
 .rodata.app_error_fault_handler.str1.1
                0x000000000002b22c       0x19 Output/Release/Obj/ble_app_uart_pca10056_s140/app_error_weak.o
 *fill*         0x000000000002b245        0xb 
 .rodata.delay_bytecode.0
                0x000000000002b250        0x6 Output/Release/Obj/ble_app_uart_pca10056_s140/app_timer.o
 .rodata._aV2C.0
                0x000000000002b256       0x10 Output/Release/Obj/ble_app_uart_pca10056_s140/nrf_fprintf_format.o
 .rodata.str1.1
                0x000000000002b266        0x9 Output/Release/Obj/ble_app_uart_pca10056_s140/nrf_pwr_mgmt.o
 *fill*         0x000000000002b26f        0x1 
 .rodata.pwr_mgmt_data
                0x000000000002b270        0xc Output/Release/Obj/ble_app_uart_pca10056_s140/nrf_pwr_mgmt.o
 .rodata.str1.1
                0x000000000002b27c      0x3ba Output/Release/Obj/ble_app_uart_pca10056_s140/nrf_strerror.o
 .rodata.m_unknown_str
                0x000000000002b636       0x13 Output/Release/Obj/ble_app_uart_pca10056_s140/nrf_strerror.o
 *fill*         0x000000000002b649        0x3 
 .rodata.nrf_strerror_array
                0x000000000002b64c      0x128 Output/Release/Obj/ble_app_uart_pca10056_s140/nrf_strerror.o
 .rodata.m_board_led_list
                0x000000000002b774        0x4 Output/Release/Obj/ble_app_uart_pca10056_s140/boards.o
 .rodata.str1.1
                0x000000000002b778        0x6 Output/Release/Obj/ble_app_uart_pca10056_s140/nrf_drv_clock.o
 .rodata.str1.1
                0x000000000002b77e        0x6 Output/Release/Obj/ble_app_uart_pca10056_s140/nrfx_clock.o
 .rodata.str1.1
                0x000000000002b784        0x7 Output/Release/Obj/ble_app_uart_pca10056_s140/nrfx_gpiote.o
 .rodata.str1.1
                0x000000000002b78b        0x4 Output/Release/Obj/ble_app_uart_pca10056_s140/nrfx_prs.o
 .rodata.str1.1
                0x000000000002b78f        0x5 Output/Release/Obj/ble_app_uart_pca10056_s140/nrfx_uart.o
 .rodata.str1.1
                0x000000000002b794        0x6 Output/Release/Obj/ble_app_uart_pca10056_s140/nrfx_uarte.o
 .rodata.str1.1
                0x000000000002b79a        0x4 Output/Release/Obj/ble_app_uart_pca10056_s140/nrfx_pdm.o
 .rodata.gatt_evt_handler.str1.1
                0x000000000002b79e       0x1c Output/Release/Obj/ble_app_uart_pca10056_s140/main.o
 .rodata.drv_audio_pdm_event_handler.str1.1
                0x000000000002b7ba       0x63 Output/Release/Obj/ble_app_uart_pca10056_s140/main.o
                                         0x64 (size before relaxing)
 .rodata.main.str1.1
                0x000000000002b81d       0x3e Output/Release/Obj/ble_app_uart_pca10056_s140/main.o
 *fill*         0x000000000002b85b        0x1 
 .rodata        0x000000000002b85c        0xc Output/Release/Obj/ble_app_uart_pca10056_s140/main.o
 *fill*         0x000000000002b868        0x8 
 .rodata.delay_bytecode.0
                0x000000000002b870        0x6 Output/Release/Obj/ble_app_uart_pca10056_s140/main.o
 .rodata._DoInit.str1.1
                0x000000000002b876       0x14 Output/Release/Obj/ble_app_uart_pca10056_s140/SEGGER_RTT.o
 .rodata.data_length_update.str1.1
                0x000000000002b88a       0xdf Output/Release/Obj/ble_app_uart_pca10056_s140/nrf_ble_gatt.o
 .rodata.nrf_ble_gatt_on_ble_evt.str1.1
                0x000000000002b969       0x60 Output/Release/Obj/ble_app_uart_pca10056_s140/nrf_ble_gatt.o
 .rodata.str1.1
                0x000000000002b9c9        0xd Output/Release/Obj/ble_app_uart_pca10056_s140/nrf_ble_gatt.o
 .rodata.str1.1
                0x000000000002b9d6        0x8 Output/Release/Obj/ble_app_uart_pca10056_s140/ble_nus.o
 .rodata        0x000000000002b9de       0x10 Output/Release/Obj/ble_app_uart_pca10056_s140/ble_nus.o
 .rodata.str1.1
                0x000000000002b9ee        0x8 Output/Release/Obj/ble_app_uart_pca10056_s140/nrf_sdh.o
 .rodata        0x000000000002b9f6        0x4 Output/Release/Obj/ble_app_uart_pca10056_s140/nrf_sdh.o
 *fill*         0x000000000002b9fa        0x2 
 .rodata.sdh_req_observers
                0x000000000002b9fc        0xc Output/Release/Obj/ble_app_uart_pca10056_s140/nrf_sdh.o
 .rodata.sdh_stack_observers
                0x000000000002ba08        0xc Output/Release/Obj/ble_app_uart_pca10056_s140/nrf_sdh.o
 .rodata.sdh_state_observers
                0x000000000002ba14        0xc Output/Release/Obj/ble_app_uart_pca10056_s140/nrf_sdh.o
 .rodata.nrf_sdh_ble_default_cfg_set.str1.1
                0x000000000002ba20      0x1c9 Output/Release/Obj/ble_app_uart_pca10056_s140/nrf_sdh_ble.o
 .rodata.nrf_sdh_ble_enable.str1.1
                0x000000000002bbe9       0xa7 Output/Release/Obj/ble_app_uart_pca10056_s140/nrf_sdh_ble.o
 .rodata.str1.1
                0x000000000002bc90        0xc Output/Release/Obj/ble_app_uart_pca10056_s140/nrf_sdh_ble.o
 .rodata.sdh_ble_observers
                0x000000000002bc9c        0xc Output/Release/Obj/ble_app_uart_pca10056_s140/nrf_sdh_ble.o
 .rodata.str1.1
                0x000000000002bca8        0xc Output/Release/Obj/ble_app_uart_pca10056_s140/nrf_sdh_soc.o
 .rodata.sdh_soc_observers
                0x000000000002bcb4        0xc Output/Release/Obj/ble_app_uart_pca10056_s140/nrf_sdh_soc.o
 .rodata.libc.__RAL_find_locale.str1.4
                0x000000000002bcc0        0xa D:/SEGGER/lib/libc_v7em_fpv4_sp_d16_hard_t_le_eabi.a(libc2.o)
 *fill*         0x000000000002bcca        0x2 
 .rodata.libc.__RAL_ascii_ctype_map
                0x000000000002bccc       0x80 D:/SEGGER/lib/libc_v7em_fpv4_sp_d16_hard_t_le_eabi.a(libc2.o)
                0x000000000002bccc                __RAL_ascii_ctype_map
 .rodata.libc.__RAL_ascii_ctype_mask
                0x000000000002bd4c        0xd D:/SEGGER/lib/libc_v7em_fpv4_sp_d16_hard_t_le_eabi.a(libc2.o)
 *fill*         0x000000000002bd59        0x3 
 .rodata.libc.__RAL_c_locale
                0x000000000002bd5c        0xc D:/SEGGER/lib/libc_v7em_fpv4_sp_d16_hard_t_le_eabi.a(libc2.o)
                0x000000000002bd5c                __RAL_c_locale
 .rodata.libc.__RAL_c_locale_abbrev_day_names
                0x000000000002bd68       0x1d D:/SEGGER/lib/libc_v7em_fpv4_sp_d16_hard_t_le_eabi.a(libc2.o)
                0x000000000002bd68                __RAL_c_locale_abbrev_day_names
 *fill*         0x000000000002bd85        0x3 
 .rodata.libc.__RAL_c_locale_abbrev_month_names
                0x000000000002bd88       0x31 D:/SEGGER/lib/libc_v7em_fpv4_sp_d16_hard_t_le_eabi.a(libc2.o)
                0x000000000002bd88                __RAL_c_locale_abbrev_month_names
 *fill*         0x000000000002bdb9        0x3 
 .rodata.libc.__RAL_c_locale_am_pm_indicator
                0x000000000002bdbc        0x7 D:/SEGGER/lib/libc_v7em_fpv4_sp_d16_hard_t_le_eabi.a(libc2.o)
                0x000000000002bdbc                __RAL_c_locale_am_pm_indicator
 *fill*         0x000000000002bdc3        0x1 
 .rodata.libc.__RAL_c_locale_data
                0x000000000002bdc4       0x58 D:/SEGGER/lib/libc_v7em_fpv4_sp_d16_hard_t_le_eabi.a(libc2.o)
                0x000000000002bdc4                __RAL_c_locale_data
 .rodata.libc.__RAL_c_locale_date_format
                0x000000000002be1c        0x9 D:/SEGGER/lib/libc_v7em_fpv4_sp_d16_hard_t_le_eabi.a(libc2.o)
                0x000000000002be1c                __RAL_c_locale_date_format
 *fill*         0x000000000002be25        0x3 
 .rodata.libc.__RAL_c_locale_date_time_format
                0x000000000002be28        0xf D:/SEGGER/lib/libc_v7em_fpv4_sp_d16_hard_t_le_eabi.a(libc2.o)
                0x000000000002be28                __RAL_c_locale_date_time_format
 *fill*         0x000000000002be37        0x1 
 .rodata.libc.__RAL_c_locale_day_names
                0x000000000002be38       0x3a D:/SEGGER/lib/libc_v7em_fpv4_sp_d16_hard_t_le_eabi.a(libc2.o)
                0x000000000002be38                __RAL_c_locale_day_names
 *fill*         0x000000000002be72        0x2 
 .rodata.libc.__RAL_c_locale_month_names
                0x000000000002be74       0x57 D:/SEGGER/lib/libc_v7em_fpv4_sp_d16_hard_t_le_eabi.a(libc2.o)
                0x000000000002be74                __RAL_c_locale_month_names
 *fill*         0x000000000002becb        0x1 
 .rodata.libc.__RAL_c_locale_time_format
                0x000000000002becc        0x9 D:/SEGGER/lib/libc_v7em_fpv4_sp_d16_hard_t_le_eabi.a(libc2.o)
                0x000000000002becc                __RAL_c_locale_time_format
 *fill*         0x000000000002bed5        0x3 
 .rodata.libc.__RAL_codeset_ascii
                0x000000000002bed8       0x20 D:/SEGGER/lib/libc_v7em_fpv4_sp_d16_hard_t_le_eabi.a(libc2.o)
                0x000000000002bed8                __RAL_codeset_ascii